Archive member included because of file (symbol)

c:/program files (x86)/atmel/atmel toolchain/arm gcc/native/4.8.1437/arm-gnu-toolchain/bin/../lib/gcc/arm-none-eabi/4.8.4/../../../../arm-none-eabi/lib/armv7-m\libc.a(lib_a-exit.o)
                              c:/program files (x86)/atmel/atmel toolchain/arm gcc/native/4.8.1437/arm-gnu-toolchain/bin/../lib/gcc/arm-none-eabi/4.8.4/../../../../arm-none-eabi/lib/armv7-m/crt0.o (exit)
c:/program files (x86)/atmel/atmel toolchain/arm gcc/native/4.8.1437/arm-gnu-toolchain/bin/../lib/gcc/arm-none-eabi/4.8.4/../../../../arm-none-eabi/lib/armv7-m\libc.a(lib_a-impure.o)
                              c:/program files (x86)/atmel/atmel toolchain/arm gcc/native/4.8.1437/arm-gnu-toolchain/bin/../lib/gcc/arm-none-eabi/4.8.4/../../../../arm-none-eabi/lib/armv7-m\libc.a(lib_a-exit.o) (_global_impure_ptr)
c:/program files (x86)/atmel/atmel toolchain/arm gcc/native/4.8.1437/arm-gnu-toolchain/bin/../lib/gcc/arm-none-eabi/4.8.4/../../../../arm-none-eabi/lib/armv7-m\libc.a(lib_a-init.o)
                              c:/program files (x86)/atmel/atmel toolchain/arm gcc/native/4.8.1437/arm-gnu-toolchain/bin/../lib/gcc/arm-none-eabi/4.8.4/../../../../arm-none-eabi/lib/armv7-m/crt0.o (__libc_init_array)
c:/program files (x86)/atmel/atmel toolchain/arm gcc/native/4.8.1437/arm-gnu-toolchain/bin/../lib/gcc/arm-none-eabi/4.8.4/../../../../arm-none-eabi/lib/armv7-m\libc.a(lib_a-iprintf.o)
                              src/ASF/sam/drivers/adc/adc.o (iprintf)
c:/program files (x86)/atmel/atmel toolchain/arm gcc/native/4.8.1437/arm-gnu-toolchain/bin/../lib/gcc/arm-none-eabi/4.8.4/../../../../arm-none-eabi/lib/armv7-m\libc.a(lib_a-memcpy.o)
                              src/ASF/thirdparty/freertos/freertos-7.3.0/source/queue.o (memcpy)
c:/program files (x86)/atmel/atmel toolchain/arm gcc/native/4.8.1437/arm-gnu-toolchain/bin/../lib/gcc/arm-none-eabi/4.8.4/../../../../arm-none-eabi/lib/armv7-m\libc.a(lib_a-memset.o)
                              c:/program files (x86)/atmel/atmel toolchain/arm gcc/native/4.8.1437/arm-gnu-toolchain/bin/../lib/gcc/arm-none-eabi/4.8.4/../../../../arm-none-eabi/lib/armv7-m/crt0.o (memset)
c:/program files (x86)/atmel/atmel toolchain/arm gcc/native/4.8.1437/arm-gnu-toolchain/bin/../lib/gcc/arm-none-eabi/4.8.4/../../../../arm-none-eabi/lib/armv7-m\libc.a(lib_a-puts.o)
                              src/ASF/sam/drivers/adc/adc.o (puts)
c:/program files (x86)/atmel/atmel toolchain/arm gcc/native/4.8.1437/arm-gnu-toolchain/bin/../lib/gcc/arm-none-eabi/4.8.4/../../../../arm-none-eabi/lib/armv7-m\libc.a(lib_a-setbuf.o)
                              src/ASF/thirdparty/wireless/addons/sio2host/uart/sio2host.o (setbuf)
c:/program files (x86)/atmel/atmel toolchain/arm gcc/native/4.8.1437/arm-gnu-toolchain/bin/../lib/gcc/arm-none-eabi/4.8.4/../../../../arm-none-eabi/lib/armv7-m\libc.a(lib_a-setvbuf.o)
                              c:/program files (x86)/atmel/atmel toolchain/arm gcc/native/4.8.1437/arm-gnu-toolchain/bin/../lib/gcc/arm-none-eabi/4.8.4/../../../../arm-none-eabi/lib/armv7-m\libc.a(lib_a-setbuf.o) (setvbuf)
c:/program files (x86)/atmel/atmel toolchain/arm gcc/native/4.8.1437/arm-gnu-toolchain/bin/../lib/gcc/arm-none-eabi/4.8.4/../../../../arm-none-eabi/lib/armv7-m\libc.a(lib_a-sprintf.o)
                              src/ASF/thirdparty/freertos/freertos-7.3.0/source/tasks.o (sprintf)
c:/program files (x86)/atmel/atmel toolchain/arm gcc/native/4.8.1437/arm-gnu-toolchain/bin/../lib/gcc/arm-none-eabi/4.8.4/../../../../arm-none-eabi/lib/armv7-m\libc.a(lib_a-strcat.o)
                              src/ASF/thirdparty/freertos/freertos-7.3.0/source/tasks.o (strcat)
c:/program files (x86)/atmel/atmel toolchain/arm gcc/native/4.8.1437/arm-gnu-toolchain/bin/../lib/gcc/arm-none-eabi/4.8.4/../../../../arm-none-eabi/lib/armv7-m\libc.a(lib_a-strcpy.o)
                              c:/program files (x86)/atmel/atmel toolchain/arm gcc/native/4.8.1437/arm-gnu-toolchain/bin/../lib/gcc/arm-none-eabi/4.8.4/../../../../arm-none-eabi/lib/armv7-m\libc.a(lib_a-strcat.o) (strcpy)
c:/program files (x86)/atmel/atmel toolchain/arm gcc/native/4.8.1437/arm-gnu-toolchain/bin/../lib/gcc/arm-none-eabi/4.8.4/../../../../arm-none-eabi/lib/armv7-m\libc.a(lib_a-strlen.o)
                              src/ASF/thirdparty/freertos/freertos-7.3.0/source/FreeRTOS_CLI.o (strlen)
c:/program files (x86)/atmel/atmel toolchain/arm gcc/native/4.8.1437/arm-gnu-toolchain/bin/../lib/gcc/arm-none-eabi/4.8.4/../../../../arm-none-eabi/lib/armv7-m\libc.a(lib_a-strncmp.o)
                              src/ASF/thirdparty/freertos/freertos-7.3.0/source/FreeRTOS_CLI.o (strncmp)
c:/program files (x86)/atmel/atmel toolchain/arm gcc/native/4.8.1437/arm-gnu-toolchain/bin/../lib/gcc/arm-none-eabi/4.8.4/../../../../arm-none-eabi/lib/armv7-m\libc.a(lib_a-strncpy.o)
                              src/ASF/thirdparty/freertos/freertos-7.3.0/source/FreeRTOS_CLI.o (strncpy)
[...]
Memory Configuration

Name             Origin             Length             Attributes
rom              0x00080000         0x00080000         xr
sram0            0x20000000         0x00010000         xrw
sram1            0x20080000         0x00008000         xrw
ram              0x20070000         0x00018000         xrw
*default*        0x00000000         0xffffffff

Linker script and memory map

LOAD c:/program files (x86)/atmel/atmel toolchain/arm gcc/native/4.8.1437/arm-gnu-toolchain/bin/../lib/gcc/arm-none-eabi/4.8.4/armv7-m/crti.o
LOAD c:/program files (x86)/atmel/atmel toolchain/arm gcc/native/4.8.1437/arm-gnu-toolchain/bin/../lib/gcc/arm-none-eabi/4.8.4/armv7-m/crtbegin.o
LOAD c:/program files (x86)/atmel/atmel toolchain/arm gcc/native/4.8.1437/arm-gnu-toolchain/bin/../lib/gcc/arm-none-eabi/4.8.4/../../../../arm-none-eabi/lib/armv7-m/crt0.o
LOAD src/adc/adcFunctions.o
LOAD src/ASF/common/services/delay/sam/cycle_counter.o
LOAD src/ASF/sam/drivers/adc/adc.o
LOAD src/ASF/sam/drivers/adc/adc_sam3u.o
LOAD src/ASF/sam/drivers/dacc/dacc.o
LOAD src/ASF/sam/drivers/pwm/pwm.o
LOAD src/DelayFunctions/DelayFunctions.o
LOAD src/PWMfunctions.o
LOAD src/TaskJoystick.o
LOAD src/ASF/common/services/serial/usart_serial.o
LOAD src/ASF/common/utils/stdio/read.o
LOAD src/ASF/common/utils/stdio/write.o
LOAD src/ASF/sam/drivers/tc/tc.o
LOAD src/ASF/sam/drivers/uart/uart.o
LOAD src/ASF/sam/drivers/usart/usart.o
LOAD src/ASF/thirdparty/freertos/freertos-7.3.0/source/FreeRTOS_CLI.o
LOAD src/ASF/thirdparty/freertos/freertos-7.3.0/source/list.o
LOAD src/ASF/thirdparty/freertos/freertos-7.3.0/source/portable/gcc/arm_cm3/port.o
LOAD src/ASF/thirdparty/freertos/freertos-7.3.0/source/portable/memmang/heap_4.o
LOAD src/ASF/thirdparty/freertos/freertos-7.3.0/source/queue.o
LOAD src/ASF/thirdparty/freertos/freertos-7.3.0/source/tasks.o
LOAD src/ASF/thirdparty/freertos/freertos-7.3.0/source/timers.o
LOAD src/ASF/thirdparty/wireless/addons/sio2host/uart/sio2host.o
LOAD src/consoleFunctions.o
LOAD src/ASF/common/services/clock/sam3x/sysclk.o
LOAD src/ASF/common/utils/interrupt/interrupt_sam_nvic.o
LOAD src/ASF/sam/boards/arduino_due_x/init.o
LOAD src/ASF/sam/drivers/pio/pio.o
LOAD src/ASF/sam/drivers/pio/pio_handler.o
LOAD src/ASF/sam/drivers/pmc/pmc.o
LOAD src/ASF/sam/drivers/pmc/sleep.o
LOAD src/ASF/sam/utils/cmsis/sam3x/source/templates/exceptions.o
LOAD src/ASF/sam/utils/cmsis/sam3x/source/templates/gcc/startup_sam3x.o
LOAD src/ASF/sam/utils/cmsis/sam3x/source/templates/system_sam3x.o
LOAD src/ASF/sam/utils/syscalls/gcc/syscalls.o
LOAD src/main.o
START GROUP
LOAD ../src/ASF/thirdparty/CMSIS/Lib/GCC\libarm_cortexM3l_math.a
LOAD c:/program files (x86)/atmel/atmel toolchain/arm gcc/native/4.8.1437/arm-gnu-toolchain/bin/../lib/gcc/arm-none-eabi/4.8.4/../../../../arm-none-eabi/lib/armv7-m\libm.a
END GROUP
START GROUP
LOAD c:/program files (x86)/atmel/atmel toolchain/arm gcc/native/4.8.1437/arm-gnu-toolchain/bin/../lib/gcc/arm-none-eabi/4.8.4/armv7-m\libgcc.a
LOAD c:/program files (x86)/atmel/atmel toolchain/arm gcc/native/4.8.1437/arm-gnu-toolchain/bin/../lib/gcc/arm-none-eabi/4.8.4/../../../../arm-none-eabi/lib/armv7-m\libc.a
END GROUP
LOAD c:/program files (x86)/atmel/atmel toolchain/arm gcc/native/4.8.1437/arm-gnu-toolchain/bin/../lib/gcc/arm-none-eabi/4.8.4/armv7-m/crtend.o
LOAD c:/program files (x86)/atmel/atmel toolchain/arm gcc/native/4.8.1437/arm-gnu-toolchain/bin/../lib/gcc/arm-none-eabi/4.8.4/armv7-m/crtn.o
                0x00002000                __stack_size__ = DEFINED (__stack_size__)?__stack_size__:0x2000
                0x20087ffc                __ram_end__ = ((ORIGIN (ram) + 0x18000) - 0x4)

.text           0x00080000     0x56a0
                0x00080000                . = ALIGN (0x4)
                0x00080000                _sfixed = .
 *(.vectors .vectors.*)
 .vectors       0x00080000       0xf4 src/ASF/sam/utils/cmsis/sam3x/source/templates/gcc/startup_sam3x.o
                0x00080000                exception_table
 *(.text .text.* .gnu.linkonce.t.*)
 .text          0x000800f4       0x54 c:/program files (x86)/atmel/atmel toolchain/arm gcc/native/4.8.1437/arm-gnu-toolchain/bin/../lib/gcc/arm-none-eabi/4.8.4/armv7-m/crtbegin.o
 .text.analogInit
                0x00080148       0x6c src/adc/adcFunctions.o
                0x00080148                analogInit
 .text.ReadAnalog0
                0x000801b4       0x20 src/adc/adcFunctions.o
                0x000801b4                ReadAnalog0
 .text.ReadAnalog1
                0x000801d4       0x20 src/adc/adcFunctions.o
                0x000801d4                ReadAnalog1
 .text.adc_init
                0x000801f4       0x3c src/ASF/sam/drivers/adc/adc.o
                0x000801f4                adc_init
 .text.adc_set_resolution
                0x00080230       0x10 src/ASF/sam/drivers/adc/adc.o
                0x00080230                adc_set_resolution
 .text.adc_configure_trigger
                0x00080240       0x10 src/ASF/sam/drivers/adc/adc.o
                0x00080240                adc_configure_trigger
 .text.adc_configure_timing
                0x00080250       0x20 src/ASF/sam/drivers/adc/adc.o
                0x00080250                adc_configure_timing
 .text.adc_start
                0x00080270        0x8 src/ASF/sam/drivers/adc/adc.o
                0x00080270                adc_start
 .text.adc_enable_channel
                0x00080278        0xc src/ASF/sam/drivers/adc/adc.o
                0x00080278                adc_enable_channel
 .text.adc_get_channel_value
                0x00080284       0x10 src/ASF/sam/drivers/adc/adc.o
                0x00080284                adc_get_channel_value
 .text.TaskJoystickX
                0x00080294      0x12c src/TaskJoystick.o
                0x00080294                TaskJoystickX
 .text.TaskJoystickY
                0x000803c0       0x7c src/TaskJoystick.o
                0x000803c0                TaskJoystickY
 .text.usart_serial_read_packet
                0x0008043c       0xc0 src/ASF/common/services/serial/usart_serial.o
                0x0008043c                usart_serial_read_packet
 .text._read    0x000804fc       0x40 src/ASF/common/utils/stdio/read.o
                0x000804fc                _read
 .text._write   0x0008053c       0x54 src/ASF/common/utils/stdio/write.o
                0x0008053c                _write
 .text.uart_init
                0x00080590       0x38 src/ASF/sam/drivers/uart/uart.o
                0x00080590                uart_init
 .text.uart_write
                0x000805c8       0x10 src/ASF/sam/drivers/uart/uart.o
                0x000805c8                uart_write
 .text.uart_read
                0x000805d8       0x14 src/ASF/sam/drivers/uart/uart.o
                0x000805d8                uart_read
 .text.usart_write
                0x000805ec       0x14 src/ASF/sam/drivers/usart/usart.o
                0x000805ec                usart_write
 .text.usart_read
                0x00080600       0x18 src/ASF/sam/drivers/usart/usart.o
                0x00080600                usart_read
 .text.vListInitialise
                0x00080618       0x18 src/ASF/thirdparty/freertos/freertos-7.3.0/source/list.o
                0x00080618                vListInitialise
 .text.vListInitialiseItem
                0x00080630        0x8 src/ASF/thirdparty/freertos/freertos-7.3.0/source/list.o
                0x00080630                vListInitialiseItem
 .text.vListInsertEnd
                0x00080638       0x1c src/ASF/thirdparty/freertos/freertos-7.3.0/source/list.o
                0x00080638                vListInsertEnd
 .text.vListInsert
                0x00080654       0x44 src/ASF/thirdparty/freertos/freertos-7.3.0/source/list.o
                0x00080654                vListInsert
 .text.uxListRemove
                0x00080698       0x28 src/ASF/thirdparty/freertos/freertos-7.3.0/source/list.o
                0x00080698                uxListRemove
 .text.prvPortStartFirstTask
                0x000806c0       0x14 src/ASF/thirdparty/freertos/freertos-7.3.0/source/portable/gcc/arm_cm3/port.o
 .text.pxPortInitialiseStack
                0x000806d4       0x1c src/ASF/thirdparty/freertos/freertos-7.3.0/source/portable/gcc/arm_cm3/port.o
                0x000806d4                pxPortInitialiseStack
 .text.SVC_Handler
                0x000806f0       0x20 src/ASF/thirdparty/freertos/freertos-7.3.0/source/portable/gcc/arm_cm3/port.o
                0x000806f0                SVC_Handler
 .text.vPortYieldFromISR
                0x00080710       0x10 src/ASF/thirdparty/freertos/freertos-7.3.0/source/portable/gcc/arm_cm3/port.o
                0x00080710                vPortYieldFromISR
 .text.ulPortSetInterruptMask
                0x00080720       0x10 src/ASF/thirdparty/freertos/freertos-7.3.0/source/portable/gcc/arm_cm3/port.o
                0x00080720                ulPortSetInterruptMask
 .text.vPortEnterCritical
                0x00080730       0x18 src/ASF/thirdparty/freertos/freertos-7.3.0/source/portable/gcc/arm_cm3/port.o
                0x00080730                vPortEnterCritical
 .text.vPortClearInterruptMask
                0x00080748        0x8 src/ASF/thirdparty/freertos/freertos-7.3.0/source/portable/gcc/arm_cm3/port.o
                0x00080748                vPortClearInterruptMask
 .text.vPortExitCritical
                0x00080750       0x1c src/ASF/thirdparty/freertos/freertos-7.3.0/source/portable/gcc/arm_cm3/port.o
                0x00080750                vPortExitCritical
 .text.PendSV_Handler
                0x0008076c       0x3c src/ASF/thirdparty/freertos/freertos-7.3.0/source/portable/gcc/arm_cm3/port.o
                0x0008076c                PendSV_Handler
 .text.SysTick_Handler
                0x000807a8       0x2c src/ASF/thirdparty/freertos/freertos-7.3.0/source/portable/gcc/arm_cm3/port.o
                0x000807a8                SysTick_Handler
 .text.vPortSetupTimerInterrupt
                0x000807d4       0x18 src/ASF/thirdparty/freertos/freertos-7.3.0/source/portable/gcc/arm_cm3/port.o
                0x000807d4                vPortSetupTimerInterrupt
 .text.xPortStartScheduler
                0x000807ec       0x38 src/ASF/thirdparty/freertos/freertos-7.3.0/source/portable/gcc/arm_cm3/port.o
                0x000807ec                xPortStartScheduler
 .text.prvInsertBlockIntoFreeList
                0x00080824       0x58 src/ASF/thirdparty/freertos/freertos-7.3.0/source/portable/memmang/heap_4.o
 .text.pvPortMalloc
                0x0008087c       0xc4 src/ASF/thirdparty/freertos/freertos-7.3.0/source/portable/memmang/heap_4.o
                0x0008087c                pvPortMalloc
 .text.vPortFree
                0x00080940       0x34 src/ASF/thirdparty/freertos/freertos-7.3.0/source/portable/memmang/heap_4.o
                0x00080940                vPortFree
 .text.prvCopyDataToQueue
                0x00080974       0x64 src/ASF/thirdparty/freertos/freertos-7.3.0/source/queue.o
 .text.prvCopyDataFromQueue
                0x000809d8       0x28 src/ASF/thirdparty/freertos/freertos-7.3.0/source/queue.o
 .text.prvUnlockQueue
                0x00080a00       0x8c src/ASF/thirdparty/freertos/freertos-7.3.0/source/queue.o
 .text.xQueueGenericReset
                0x00080a8c       0x7c src/ASF/thirdparty/freertos/freertos-7.3.0/source/queue.o
                0x00080a8c                xQueueGenericReset
 .text.xQueueGenericCreate
                0x00080b08       0x58 src/ASF/thirdparty/freertos/freertos-7.3.0/source/queue.o
                0x00080b08                xQueueGenericCreate
 .text.xQueueGenericSend
                0x00080b60      0x124 src/ASF/thirdparty/freertos/freertos-7.3.0/source/queue.o
                0x00080b60                xQueueGenericSend
 .text.xQueueGenericSendFromISR
                0x00080c84       0x90 src/ASF/thirdparty/freertos/freertos-7.3.0/source/queue.o
                0x00080c84                xQueueGenericSendFromISR
 .text.xQueueGenericReceive
                0x00080d14      0x164 src/ASF/thirdparty/freertos/freertos-7.3.0/source/queue.o
                0x00080d14                xQueueGenericReceive
 .text.vQueueWaitForMessageRestricted
                0x00080e78       0x4c src/ASF/thirdparty/freertos/freertos-7.3.0/source/queue.o
                0x00080e78                vQueueWaitForMessageRestricted
 .text.prvAddCurrentTaskToDelayedList
                0x00080ec4       0x5c src/ASF/thirdparty/freertos/freertos-7.3.0/source/tasks.o
 .text.xTaskGenericCreate
                0x00080f20      0x208 src/ASF/thirdparty/freertos/freertos-7.3.0/source/tasks.o
                0x00080f20                xTaskGenericCreate
 .text.vTaskStartScheduler
                0x00081128       0x6c src/ASF/thirdparty/freertos/freertos-7.3.0/source/tasks.o
                0x00081128                vTaskStartScheduler
 .text.vTaskSuspendAll
                0x00081194       0x10 src/ASF/thirdparty/freertos/freertos-7.3.0/source/tasks.o
                0x00081194                vTaskSuspendAll
 .text.xTaskGetTickCount
                0x000811a4       0x20 src/ASF/thirdparty/freertos/freertos-7.3.0/source/tasks.o
                0x000811a4                xTaskGetTickCount
 .text.vTaskIncrementTick
                0x000811c4      0x12c src/ASF/thirdparty/freertos/freertos-7.3.0/source/tasks.o
                0x000811c4                vTaskIncrementTick
 .text.xTaskResumeAll
                0x000812f0      0x108 src/ASF/thirdparty/freertos/freertos-7.3.0/source/tasks.o
                0x000812f0                xTaskResumeAll
 .text.vTaskDelay
                0x000813f8       0x4c src/ASF/thirdparty/freertos/freertos-7.3.0/source/tasks.o
                0x000813f8                vTaskDelay
 .text.prvIdleTask
                0x00081444       0x84 src/ASF/thirdparty/freertos/freertos-7.3.0/source/tasks.o
 .text.vTaskSwitchContext
                0x000814c8       0x90 src/ASF/thirdparty/freertos/freertos-7.3.0/source/tasks.o
                0x000814c8                vTaskSwitchContext
 .text.vTaskPlaceOnEventList
                0x00081558       0x64 src/ASF/thirdparty/freertos/freertos-7.3.0/source/tasks.o
                0x00081558                vTaskPlaceOnEventList
 .text.vTaskPlaceOnEventListRestricted
                0x000815bc       0x48 src/ASF/thirdparty/freertos/freertos-7.3.0/source/tasks.o
                0x000815bc                vTaskPlaceOnEventListRestricted
 .text.xTaskRemoveFromEventList
                0x00081604       0x84 src/ASF/thirdparty/freertos/freertos-7.3.0/source/tasks.o
                0x00081604                xTaskRemoveFromEventList
 .text.vTaskSetTimeOutState
                0x00081688       0x28 src/ASF/thirdparty/freertos/freertos-7.3.0/source/tasks.o
                0x00081688                vTaskSetTimeOutState
 .text.xTaskCheckForTimeOut
                0x000816b0       0x8c src/ASF/thirdparty/freertos/freertos-7.3.0/source/tasks.o
                0x000816b0                xTaskCheckForTimeOut
 .text.vTaskMissedYield
                0x0008173c        0xc src/ASF/thirdparty/freertos/freertos-7.3.0/source/tasks.o
                0x0008173c                vTaskMissedYield
 .text.xTaskGetCurrentTaskHandle
                0x00081748        0xc src/ASF/thirdparty/freertos/freertos-7.3.0/source/tasks.o
                0x00081748                xTaskGetCurrentTaskHandle
 .text.xTaskGetSchedulerState
                0x00081754       0x20 src/ASF/thirdparty/freertos/freertos-7.3.0/source/tasks.o
                0x00081754                xTaskGetSchedulerState
 .text.vTaskPriorityInherit
                0x00081774       0x7c src/ASF/thirdparty/freertos/freertos-7.3.0/source/tasks.o
                0x00081774                vTaskPriorityInherit
 .text.vTaskPriorityDisinherit
                0x000817f0       0x50 src/ASF/thirdparty/freertos/freertos-7.3.0/source/tasks.o
                0x000817f0                vTaskPriorityDisinherit
 .text.prvInsertTimerInActiveList
                0x00081840       0x50 src/ASF/thirdparty/freertos/freertos-7.3.0/source/timers.o
 .text.prvCheckForValidListAndQueue
                0x00081890       0x5c src/ASF/thirdparty/freertos/freertos-7.3.0/source/timers.o
 .text.xTimerCreateTimerTask
                0x000818ec       0x4c src/ASF/thirdparty/freertos/freertos-7.3.0/source/timers.o
                0x000818ec                xTimerCreateTimerTask
 .text.xTimerGenericCommand
                0x00081938       0x58 src/ASF/thirdparty/freertos/freertos-7.3.0/source/timers.o
                0x00081938                xTimerGenericCommand
 .text.prvSampleTimeNow
                0x00081990       0xbc src/ASF/thirdparty/freertos/freertos-7.3.0/source/timers.o
 .text.prvTimerTask
                0x00081a4c      0x180 src/ASF/thirdparty/freertos/freertos-7.3.0/source/timers.o
 .text.USART0_Handler
                0x00081bcc       0x60 src/ASF/thirdparty/wireless/addons/sio2host/uart/sio2host.o
                0x00081bcc                USART0_Handler
 .text.usart_serial_getchar
                0x00081c2c       0xa4 src/consoleFunctions.o
 .text.usart_serial_putchar
                0x00081cd0       0xa8 src/consoleFunctions.o
 .text.configureConsole
                0x00081d78       0x80 src/consoleFunctions.o
                0x00081d78                configureConsole
 .text.sysclk_init
                0x00081df8       0x64 src/ASF/common/services/clock/sam3x/sysclk.o
                0x00081df8                sysclk_init
 .text.board_init
                0x00081e5c       0x80 src/ASF/sam/boards/arduino_due_x/init.o
                0x00081e5c                board_init
 .text.pio_set_peripheral
                0x00081edc       0x40 src/ASF/sam/drivers/pio/pio.o
                0x00081edc                pio_set_peripheral
 .text.pio_set_input
                0x00081f1c       0x34 src/ASF/sam/drivers/pio/pio.o
                0x00081f1c                pio_set_input
 .text.pio_set_output
                0x00081f50       0x28 src/ASF/sam/drivers/pio/pio.o
                0x00081f50                pio_set_output
 .text.pio_get_interrupt_status
                0x00081f78        0x4 src/ASF/sam/drivers/pio/pio.o
                0x00081f78                pio_get_interrupt_status
 .text.pio_get_interrupt_mask
                0x00081f7c        0x4 src/ASF/sam/drivers/pio/pio.o
                0x00081f7c                pio_get_interrupt_mask
 .text.pio_configure_pin
                0x00081f80       0xd4 src/ASF/sam/drivers/pio/pio.o
                0x00081f80                pio_configure_pin
 .text.pio_configure_pin_group
                0x00082054       0xa0 src/ASF/sam/drivers/pio/pio.o
                0x00082054                pio_configure_pin_group
 .text.pio_handler_process
                0x000820f4       0x58 src/ASF/sam/drivers/pio/pio_handler.o
                0x000820f4                pio_handler_process
 .text.PIOA_Handler
                0x0008214c       0x14 src/ASF/sam/drivers/pio/pio_handler.o
                0x0008214c                PIOA_Handler
 .text.PIOB_Handler
                0x00082160       0x14 src/ASF/sam/drivers/pio/pio_handler.o
                0x00082160                PIOB_Handler
 .text.PIOC_Handler
                0x00082174       0x14 src/ASF/sam/drivers/pio/pio_handler.o
                0x00082174                PIOC_Handler
 .text.PIOD_Handler
                0x00082188       0x14 src/ASF/sam/drivers/pio/pio_handler.o
                0x00082188                PIOD_Handler
 .text.pmc_switch_mck_to_pllack
                0x0008219c       0x64 src/ASF/sam/drivers/pmc/pmc.o
                0x0008219c                pmc_switch_mck_to_pllack
 .text.pmc_switch_mainck_to_xtal
                0x00082200       0x54 src/ASF/sam/drivers/pmc/pmc.o
                0x00082200                pmc_switch_mainck_to_xtal
 .text.pmc_osc_is_ready_mainck
                0x00082254       0x10 src/ASF/sam/drivers/pmc/pmc.o
                0x00082254                pmc_osc_is_ready_mainck
 .text.pmc_disable_pllack
                0x00082264       0x10 src/ASF/sam/drivers/pmc/pmc.o
                0x00082264                pmc_disable_pllack
 .text.pmc_is_locked_pllack
                0x00082274       0x10 src/ASF/sam/drivers/pmc/pmc.o
                0x00082274                pmc_is_locked_pllack
 .text.pmc_enable_periph_clk
                0x00082284       0x58 src/ASF/sam/drivers/pmc/pmc.o
                0x00082284                pmc_enable_periph_clk
 .text.Dummy_Handler
                0x000822dc        0x4 src/ASF/sam/utils/cmsis/sam3x/source/templates/exceptions.o
                0x000822dc                DACC_Handler
                0x000822dc                DebugMon_Handler
                0x000822dc                DMAC_Handler
                0x000822dc                TRNG_Handler
                0x000822dc                HardFault_Handler
                0x000822dc                TC2_Handler
                0x000822dc                USART3_Handler
                0x000822dc                TWI1_Handler
                0x000822dc                NMI_Handler
                0x000822dc                TC7_Handler
                0x000822dc                ADC_Handler
                0x000822dc                SMC_Handler
                0x000822dc                RTT_Handler
                0x000822dc                EFC1_Handler
                0x000822dc                RTC_Handler
                0x000822dc                UsageFault_Handler
                0x000822dc                TC6_Handler
                0x000822dc                WDT_Handler
                0x000822dc                CAN0_Handler
                0x000822dc                TC4_Handler
                0x000822dc                TC1_Handler
                0x000822dc                HSMCI_Handler
                0x000822dc                TC3_Handler
                0x000822dc                Dummy_Handler
                0x000822dc                TWI0_Handler
                0x000822dc                USART1_Handler
                0x000822dc                SSC_Handler
                0x000822dc                EFC0_Handler
                0x000822dc                PMC_Handler
                0x000822dc                PWM_Handler
                0x000822dc                CAN1_Handler
                0x000822dc                MemManage_Handler
                0x000822dc                SUPC_Handler
                0x000822dc                TC8_Handler
                0x000822dc                USART2_Handler
                0x000822dc                EMAC_Handler
                0x000822dc                UART_Handler
                0x000822dc                BusFault_Handler
                0x000822dc                RSTC_Handler
                0x000822dc                TC0_Handler
                0x000822dc                TC5_Handler
                0x000822dc                UOTGHS_Handler
                0x000822dc                SPI0_Handler
 .text.Reset_Handler
                0x000822e0       0xb0 src/ASF/sam/utils/cmsis/sam3x/source/templates/gcc/startup_sam3x.o
                0x000822e0                Reset_Handler
 .text.SystemCoreClockUpdate
                0x00082390      0x11c src/ASF/sam/utils/cmsis/sam3x/source/templates/system_sam3x.o
                0x00082390                SystemCoreClockUpdate
 .text._sbrk    0x000824ac       0x34 src/ASF/sam/utils/syscalls/gcc/syscalls.o
                0x000824ac                _sbrk
 .text._close   0x000824e0        0x8 src/ASF/sam/utils/syscalls/gcc/syscalls.o
                0x000824e0                _close
 .text._fstat   0x000824e8        0xc src/ASF/sam/utils/syscalls/gcc/syscalls.o
                0x000824e8                _fstat
 .text._isatty  0x000824f4        0x4 src/ASF/sam/utils/syscalls/gcc/syscalls.o
                0x000824f4                _isatty
 .text._lseek   0x000824f8        0x4 src/ASF/sam/utils/syscalls/gcc/syscalls.o
                0x000824f8                _lseek
 .text.main     0x000824fc       0x9c src/main.o
                0x000824fc                main
 .text.__libc_init_array
                0x00082598       0x50 c:/program files (x86)/atmel/atmel toolchain/arm gcc/native/4.8.1437/arm-gnu-toolchain/bin/../lib/gcc/arm-none-eabi/4.8.4/../../../../arm-none-eabi/lib/armv7-m\libc.a(lib_a-init.o)
                0x00082598                __libc_init_array
 .text.iprintf  0x000825e8       0x28 c:/program files (x86)/atmel/atmel toolchain/arm gcc/native/4.8.1437/arm-gnu-toolchain/bin/../lib/gcc/arm-none-eabi/4.8.4/../../../../arm-none-eabi/lib/armv7-m\libc.a(lib_a-iprintf.o)
                0x000825e8                iprintf
 .text          0x00082610       0xec c:/program files (x86)/atmel/atmel toolchain/arm gcc/native/4.8.1437/arm-gnu-toolchain/bin/../lib/gcc/arm-none-eabi/4.8.4/../../../../arm-none-eabi/lib/armv7-m\libc.a(lib_a-memcpy.o)
                0x00082610                memcpy
 .text.memset   0x000826fc       0x94 c:/program files (x86)/atmel/atmel toolchain/arm gcc/native/4.8.1437/arm-gnu-toolchain/bin/../lib/gcc/arm-none-eabi/4.8.4/../../../../arm-none-eabi/lib/armv7-m\libc.a(lib_a-memset.o)
                0x000826fc                memset
 .text.setbuf   0x00082790       0x10 c:/program files (x86)/atmel/atmel toolchain/arm gcc/native/4.8.1437/arm-gnu-toolchain/bin/../lib/gcc/arm-none-eabi/4.8.4/../../../../arm-none-eabi/lib/armv7-m\libc.a(lib_a-setbuf.o)
                0x00082790                setbuf
 .text.setvbuf  0x000827a0      0x100 c:/program files (x86)/atmel/atmel toolchain/arm gcc/native/4.8.1437/arm-gnu-toolchain/bin/../lib/gcc/arm-none-eabi/4.8.4/../../../../arm-none-eabi/lib/armv7-m\libc.a(lib_a-setvbuf.o)
                0x000827a0                setvbuf
 .text.strlen   0x000828a0       0x60 c:/program files (x86)/atmel/atmel toolchain/arm gcc/native/4.8.1437/arm-gnu-toolchain/bin/../lib/gcc/arm-none-eabi/4.8.4/../../../../arm-none-eabi/lib/armv7-m\libc.a(lib_a-strlen.o)
                0x000828a0                strlen
 .text.strncpy  0x00082900       0x64 c:/program files (x86)/atmel/atmel toolchain/arm gcc/native/4.8.1437/arm-gnu-toolchain/bin/../lib/gcc/arm-none-eabi/4.8.4/../../../../arm-none-eabi/lib/armv7-m\libc.a(lib_a-strncpy.o)
                0x00082900                strncpy
 .text.__sprint_r.part.0
                0x00082964       0x78 c:/program files (x86)/atmel/atmel toolchain/arm gcc/native/4.8.1437/arm-gnu-toolchain/bin/../lib/gcc/arm-none-eabi/4.8.4/../../../../arm-none-eabi/lib/armv7-m\libc.a(lib_a-vfiprintf.o)
 .text._vfiprintf_r
                0x000829dc      0xc54 c:/program files (x86)/atmel/atmel toolchain/arm gcc/native/4.8.1437/arm-gnu-toolchain/bin/../lib/gcc/arm-none-eabi/4.8.4/../../../../arm-none-eabi/lib/armv7-m\libc.a(lib_a-vfiprintf.o)
                0x000829dc                _vfiprintf_r
 .text.__sbprintf
                0x00083630       0x7c c:/program files (x86)/atmel/atmel toolchain/arm gcc/native/4.8.1437/arm-gnu-toolchain/bin/../lib/gcc/arm-none-eabi/4.8.4/../../../../arm-none-eabi/lib/armv7-m\libc.a(lib_a-vfiprintf.o)
 .text.__swsetup_r
                0x000836ac       0xc4 c:/program files (x86)/atmel/atmel toolchain/arm gcc/native/4.8.1437/arm-gnu-toolchain/bin/../lib/gcc/arm-none-eabi/4.8.4/../../../../arm-none-eabi/lib/armv7-m\libc.a(lib_a-wsetup.o)
                0x000836ac                __swsetup_r
 .text.startup.register_fini
                0x00083770       0x14 c:/program files (x86)/atmel/atmel toolchain/arm gcc/native/4.8.1437/arm-gnu-toolchain/bin/../lib/gcc/arm-none-eabi/4.8.4/../../../../arm-none-eabi/lib/armv7-m\libc.a(lib_a-__call_atexit.o)
 .text.atexit   0x00083784        0xc c:/program files (x86)/atmel/atmel toolchain/arm gcc/native/4.8.1437/arm-gnu-toolchain/bin/../lib/gcc/arm-none-eabi/4.8.4/../../../../arm-none-eabi/lib/armv7-m\libc.a(lib_a-atexit.o)
                0x00083784                atexit
 .text.__sflush_r
                0x00083790      0x148 c:/program files (x86)/atmel/atmel toolchain/arm gcc/native/4.8.1437/arm-gnu-toolchain/bin/../lib/gcc/arm-none-eabi/4.8.4/../../../../arm-none-eabi/lib/armv7-m\libc.a(lib_a-fflush.o)
                0x00083790                __sflush_r
 .text._fflush_r
                0x000838d8       0x2c c:/program files (x86)/atmel/atmel toolchain/arm gcc/native/4.8.1437/arm-gnu-toolchain/bin/../lib/gcc/arm-none-eabi/4.8.4/../../../../arm-none-eabi/lib/armv7-m\libc.a(lib_a-fflush.o)
                0x000838d8                _fflush_r
 .text._cleanup_r
                0x00083904        0xc c:/program files (x86)/atmel/atmel toolchain/arm gcc/native/4.8.1437/arm-gnu-toolchain/bin/../lib/gcc/arm-none-eabi/4.8.4/../../../../arm-none-eabi/lib/armv7-m\libc.a(lib_a-findfp.o)
                0x00083904                _cleanup_r
 .text.__sinit  0x00083910       0xf4 c:/program files (x86)/atmel/atmel toolchain/arm gcc/native/4.8.1437/arm-gnu-toolchain/bin/../lib/gcc/arm-none-eabi/4.8.4/../../../../arm-none-eabi/lib/armv7-m\libc.a(lib_a-findfp.o)
                0x00083910                __sinit
 .text.__sfp_lock_acquire
                0x00083a04        0x4 c:/program files (x86)/atmel/atmel toolchain/arm gcc/native/4.8.1437/arm-gnu-toolchain/bin/../lib/gcc/arm-none-eabi/4.8.4/../../../../arm-none-eabi/lib/armv7-m\libc.a(lib_a-findfp.o)
                0x00083a04                __sfp_lock_acquire
 .text.__sfp_lock_release
                0x00083a08        0x4 c:/program files (x86)/atmel/atmel toolchain/arm gcc/native/4.8.1437/arm-gnu-toolchain/bin/../lib/gcc/arm-none-eabi/4.8.4/../../../../arm-none-eabi/lib/armv7-m\libc.a(lib_a-findfp.o)
                0x00083a08                __sfp_lock_release
 .text.__libc_fini_array
                0x00083a0c       0x30 c:/program files (x86)/atmel/atmel toolchain/arm gcc/native/4.8.1437/arm-gnu-toolchain/bin/../lib/gcc/arm-none-eabi/4.8.4/../../../../arm-none-eabi/lib/armv7-m\libc.a(lib_a-fini.o)
                0x00083a0c                __libc_fini_array
 .text._fputwc_r
                0x00083a3c       0xc0 c:/program files (x86)/atmel/atmel toolchain/arm gcc/native/4.8.1437/arm-gnu-toolchain/bin/../lib/gcc/arm-none-eabi/4.8.4/../../../../arm-none-eabi/lib/armv7-m\libc.a(lib_a-fputwc.o)
                0x00083a3c                _fputwc_r
 .text._malloc_trim_r
                0x00083afc       0x9c c:/program files (x86)/atmel/atmel toolchain/arm gcc/native/4.8.1437/arm-gnu-toolchain/bin/../lib/gcc/arm-none-eabi/4.8.4/../../../../arm-none-eabi/lib/armv7-m\libc.a(lib_a-freer.o)
                0x00083afc                _malloc_trim_r
 .text._free_r  0x00083b98      0x198 c:/program files (x86)/atmel/atmel toolchain/arm gcc/native/4.8.1437/arm-gnu-toolchain/bin/../lib/gcc/arm-none-eabi/4.8.4/../../../../arm-none-eabi/lib/armv7-m\libc.a(lib_a-freer.o)
                0x00083b98                _free_r
 .text.__sfvwrite_r
                0x00083d30      0x318 c:/program files (x86)/atmel/atmel toolchain/arm gcc/native/4.8.1437/arm-gnu-toolchain/bin/../lib/gcc/arm-none-eabi/4.8.4/../../../../arm-none-eabi/lib/armv7-m\libc.a(lib_a-fvwrite.o)
                0x00083d30                __sfvwrite_r
 .text._fwalk   0x00084048       0x48 c:/program files (x86)/atmel/atmel toolchain/arm gcc/native/4.8.1437/arm-gnu-toolchain/bin/../lib/gcc/arm-none-eabi/4.8.4/../../../../arm-none-eabi/lib/armv7-m\libc.a(lib_a-fwalk.o)
                0x00084048                _fwalk
 .text.__locale_charset
                0x00084090        0x8 c:/program files (x86)/atmel/atmel toolchain/arm gcc/native/4.8.1437/arm-gnu-toolchain/bin/../lib/gcc/arm-none-eabi/4.8.4/../../../../arm-none-eabi/lib/armv7-m\libc.a(lib_a-locale.o)
                0x00084090                __locale_charset
 .text.__locale_mb_cur_max
                0x00084098        0xc c:/program files (x86)/atmel/atmel toolchain/arm gcc/native/4.8.1437/arm-gnu-toolchain/bin/../lib/gcc/arm-none-eabi/4.8.4/../../../../arm-none-eabi/lib/armv7-m\libc.a(lib_a-locale.o)
                0x00084098                __locale_mb_cur_max
 .text.__smakebuf_r
                0x000840a4       0xe0 c:/program files (x86)/atmel/atmel toolchain/arm gcc/native/4.8.1437/arm-gnu-toolchain/bin/../lib/gcc/arm-none-eabi/4.8.4/../../../../arm-none-eabi/lib/armv7-m\libc.a(lib_a-makebuf.o)
                0x000840a4                __smakebuf_r
 .text.malloc   0x00084184       0x10 c:/program files (x86)/atmel/atmel toolchain/arm gcc/native/4.8.1437/arm-gnu-toolchain/bin/../lib/gcc/arm-none-eabi/4.8.4/../../../../arm-none-eabi/lib/armv7-m\libc.a(lib_a-malloc.o)
                0x00084184                malloc
 .text._malloc_r
                0x00084194      0x538 c:/program files (x86)/atmel/atmel toolchain/arm gcc/native/4.8.1437/arm-gnu-toolchain/bin/../lib/gcc/arm-none-eabi/4.8.4/../../../../arm-none-eabi/lib/armv7-m\libc.a(lib_a-mallocr.o)
                0x00084194                _malloc_r
 .text.memchr   0x000846cc       0x94 c:/program files (x86)/atmel/atmel toolchain/arm gcc/native/4.8.1437/arm-gnu-toolchain/bin/../lib/gcc/arm-none-eabi/4.8.4/../../../../arm-none-eabi/lib/armv7-m\libc.a(lib_a-memchr-stub.o)
                0x000846cc                memchr
 .text.memmove  0x00084760       0xcc c:/program files (x86)/atmel/atmel toolchain/arm gcc/native/4.8.1437/arm-gnu-toolchain/bin/../lib/gcc/arm-none-eabi/4.8.4/../../../../arm-none-eabi/lib/armv7-m\libc.a(lib_a-memmove.o)
                0x00084760                memmove
 .text.__malloc_lock
                0x0008482c        0x4 c:/program files (x86)/atmel/atmel toolchain/arm gcc/native/4.8.1437/arm-gnu-toolchain/bin/../lib/gcc/arm-none-eabi/4.8.4/../../../../arm-none-eabi/lib/armv7-m\libc.a(lib_a-mlock.o)
                0x0008482c                __malloc_lock
 .text.__malloc_unlock
                0x00084830        0x4 c:/program files (x86)/atmel/atmel toolchain/arm gcc/native/4.8.1437/arm-gnu-toolchain/bin/../lib/gcc/arm-none-eabi/4.8.4/../../../../arm-none-eabi/lib/armv7-m\libc.a(lib_a-mlock.o)
                0x00084830                __malloc_unlock
 .text._realloc_r
                0x00084834      0x3c0 c:/program files (x86)/atmel/atmel toolchain/arm gcc/native/4.8.1437/arm-gnu-toolchain/bin/../lib/gcc/arm-none-eabi/4.8.4/../../../../arm-none-eabi/lib/armv7-m\libc.a(lib_a-reallocr.o)
                0x00084834                _realloc_r
 .text._sbrk_r  0x00084bf4       0x24 c:/program files (x86)/atmel/atmel toolchain/arm gcc/native/4.8.1437/arm-gnu-toolchain/bin/../lib/gcc/arm-none-eabi/4.8.4/../../../../arm-none-eabi/lib/armv7-m\libc.a(lib_a-sbrkr.o)
                0x00084bf4                _sbrk_r
 .text.__sread  0x00084c18       0x24 c:/program files (x86)/atmel/atmel toolchain/arm gcc/native/4.8.1437/arm-gnu-toolchain/bin/../lib/gcc/arm-none-eabi/4.8.4/../../../../arm-none-eabi/lib/armv7-m\libc.a(lib_a-stdio.o)
                0x00084c18                __sread
 .text.__swrite
                0x00084c3c       0x38 c:/program files (x86)/atmel/atmel toolchain/arm gcc/native/4.8.1437/arm-gnu-toolchain/bin/../lib/gcc/arm-none-eabi/4.8.4/../../../../arm-none-eabi/lib/armv7-m\libc.a(lib_a-stdio.o)
                0x00084c3c                __swrite
 .text.__sseek  0x00084c74       0x20 c:/program files (x86)/atmel/atmel toolchain/arm gcc/native/4.8.1437/arm-gnu-toolchain/bin/../lib/gcc/arm-none-eabi/4.8.4/../../../../arm-none-eabi/lib/armv7-m\libc.a(lib_a-stdio.o)
                0x00084c74                __sseek
 .text.__sclose
                0x00084c94        0x8 c:/program files (x86)/atmel/atmel toolchain/arm gcc/native/4.8.1437/arm-gnu-toolchain/bin/../lib/gcc/arm-none-eabi/4.8.4/../../../../arm-none-eabi/lib/armv7-m\libc.a(lib_a-stdio.o)
                0x00084c94                __sclose
 .text.__swbuf_r
                0x00084c9c       0xa8 c:/program files (x86)/atmel/atmel toolchain/arm gcc/native/4.8.1437/arm-gnu-toolchain/bin/../lib/gcc/arm-none-eabi/4.8.4/../../../../arm-none-eabi/lib/armv7-m\libc.a(lib_a-wbuf.o)
                0x00084c9c                __swbuf_r
 .text._wcrtomb_r
                0x00084d44       0x50 c:/program files (x86)/atmel/atmel toolchain/arm gcc/native/4.8.1437/arm-gnu-toolchain/bin/../lib/gcc/arm-none-eabi/4.8.4/../../../../arm-none-eabi/lib/armv7-m\libc.a(lib_a-wcrtomb.o)
                0x00084d44                _wcrtomb_r
 .text.__ascii_wctomb
                0x00084d94       0x1c c:/program files (x86)/atmel/atmel toolchain/arm gcc/native/4.8.1437/arm-gnu-toolchain/bin/../lib/gcc/arm-none-eabi/4.8.4/../../../../arm-none-eabi/lib/armv7-m\libc.a(lib_a-wctomb_r.o)
                0x00084d94                __ascii_wctomb
 .text._write_r
                0x00084db0       0x28 c:/program files (x86)/atmel/atmel toolchain/arm gcc/native/4.8.1437/arm-gnu-toolchain/bin/../lib/gcc/arm-none-eabi/4.8.4/../../../../arm-none-eabi/lib/armv7-m\libc.a(lib_a-writer.o)
                0x00084db0                _write_r
 .text.__register_exitproc
                0x00084dd8       0xa8 c:/program files (x86)/atmel/atmel toolchain/arm gcc/native/4.8.1437/arm-gnu-toolchain/bin/../lib/gcc/arm-none-eabi/4.8.4/../../../../arm-none-eabi/lib/armv7-m\libc.a(lib_a-__atexit.o)
                0x00084dd8                __register_exitproc
 .text._close_r
                0x00084e80       0x24 c:/program files (x86)/atmel/atmel toolchain/arm gcc/native/4.8.1437/arm-gnu-toolchain/bin/../lib/gcc/arm-none-eabi/4.8.4/../../../../arm-none-eabi/lib/armv7-m\libc.a(lib_a-closer.o)
                0x00084e80                _close_r
 .text._fclose_r
                0x00084ea4       0x80 c:/program files (x86)/atmel/atmel toolchain/arm gcc/native/4.8.1437/arm-gnu-toolchain/bin/../lib/gcc/arm-none-eabi/4.8.4/../../../../arm-none-eabi/lib/armv7-m\libc.a(lib_a-fclose.o)
                0x00084ea4                _fclose_r
 .text.fclose   0x00084f24       0x10 c:/program files (x86)/atmel/atmel toolchain/arm gcc/native/4.8.1437/arm-gnu-toolchain/bin/../lib/gcc/arm-none-eabi/4.8.4/../../../../arm-none-eabi/lib/armv7-m\libc.a(lib_a-fclose.o)
                0x00084f24                fclose
 .text._fstat_r
                0x00084f34       0x28 c:/program files (x86)/atmel/atmel toolchain/arm gcc/native/4.8.1437/arm-gnu-toolchain/bin/../lib/gcc/arm-none-eabi/4.8.4/../../../../arm-none-eabi/lib/armv7-m\libc.a(lib_a-fstatr.o)
                0x00084f34                _fstat_r
 .text._isatty_r
                0x00084f5c       0x24 c:/program files (x86)/atmel/atmel toolchain/arm gcc/native/4.8.1437/arm-gnu-toolchain/bin/../lib/gcc/arm-none-eabi/4.8.4/../../../../arm-none-eabi/lib/armv7-m\libc.a(lib_a-isattyr.o)
                0x00084f5c                _isatty_r
 .text._lseek_r
                0x00084f80       0x28 c:/program files (x86)/atmel/atmel toolchain/arm gcc/native/4.8.1437/arm-gnu-toolchain/bin/../lib/gcc/arm-none-eabi/4.8.4/../../../../arm-none-eabi/lib/armv7-m\libc.a(lib_a-lseekr.o)
                0x00084f80                _lseek_r
 .text._read_r  0x00084fa8       0x28 c:/program files (x86)/atmel/atmel toolchain/arm gcc/native/4.8.1437/arm-gnu-toolchain/bin/../lib/gcc/arm-none-eabi/4.8.4/../../../../arm-none-eabi/lib/armv7-m\libc.a(lib_a-readr.o)
                0x00084fa8                _read_r
 .text          0x00084fd0       0x2c c:/program files (x86)/atmel/atmel toolchain/arm gcc/native/4.8.1437/arm-gnu-toolchain/bin/../lib/gcc/arm-none-eabi/4.8.4/armv7-m\libgcc.a(_aeabi_uldivmod.o)
                0x00084fd0                __aeabi_uldivmod
 .text          0x00084ffc       0x60 c:/program files (x86)/atmel/atmel toolchain/arm gcc/native/4.8.1437/arm-gnu-toolchain/bin/../lib/gcc/arm-none-eabi/4.8.4/armv7-m\libgcc.a(bpabi.o)
                0x00084ffc                __gnu_ldivmod_helper
                0x0008502c                __gnu_uldivmod_helper
 .text          0x0008505c        0x4 c:/program files (x86)/atmel/atmel toolchain/arm gcc/native/4.8.1437/arm-gnu-toolchain/bin/../lib/gcc/arm-none-eabi/4.8.4/armv7-m\libgcc.a(_dvmd_tls.o)
                0x0008505c                __aeabi_idiv0
                0x0008505c                __aeabi_ldiv0
 .text          0x00085060      0x2a0 c:/program files (x86)/atmel/atmel toolchain/arm gcc/native/4.8.1437/arm-gnu-toolchain/bin/../lib/gcc/arm-none-eabi/4.8.4/armv7-m\libgcc.a(_divdi3.o)
                0x00085060                __divdi3
 .text          0x00085300      0x290 c:/program files (x86)/atmel/atmel toolchain/arm gcc/native/4.8.1437/arm-gnu-toolchain/bin/../lib/gcc/arm-none-eabi/4.8.4/armv7-m\libgcc.a(_udivdi3.o)
                0x00085300                __udivdi3
 *(.glue_7t)
 .glue_7t       0x00000000        0x0 linker stubs
 *(.glue_7)
 .glue_7        0x00000000        0x0 linker stubs
 *(.rodata .rodata* .gnu.linkonce.r.*)
 .rodata.str1.4
                0x00085590        0x5 src/TaskJoystick.o
                                  0x8 (size before relaxing)
 *fill*         0x00085595        0x3 
 .rodata.str1.4
                0x00085598       0x1f src/ASF/thirdparty/freertos/freertos-7.3.0/source/tasks.o
                                 0x20 (size before relaxing)
 *fill*         0x000855b7        0x1 
 .rodata.str1.4
                0x000855b8        0x8 src/ASF/thirdparty/freertos/freertos-7.3.0/source/timers.o
 .rodata.str1.4
                0x000855c0       0x62 src/main.o
                                 0x64 (size before relaxing)
 *fill*         0x00085622        0x2 
 .rodata.str1.4
                0x00085624        0x2 c:/program files (x86)/atmel/atmel toolchain/arm gcc/native/4.8.1437/arm-gnu-toolchain/bin/../lib/gcc/arm-none-eabi/4.8.4/../../../../arm-none-eabi/lib/armv7-m\libc.a(lib_a-impure.o)
                                  0x4 (size before relaxing)
 *fill*         0x00085626        0x2 
 .rodata._global_impure_ptr
                0x00085628        0x4 c:/program files (x86)/atmel/atmel toolchain/arm gcc/native/4.8.1437/arm-gnu-toolchain/bin/../lib/gcc/arm-none-eabi/4.8.4/../../../../arm-none-eabi/lib/armv7-m\libc.a(lib_a-impure.o)
                0x00085628                _global_impure_ptr
 .rodata.str1.4
                0x0008562c       0x30 c:/program files (x86)/atmel/atmel toolchain/arm gcc/native/4.8.1437/arm-gnu-toolchain/bin/../lib/gcc/arm-none-eabi/4.8.4/../../../../arm-none-eabi/lib/armv7-m\libc.a(lib_a-vfiprintf.o)
 .rodata.zeroes.6721
                0x0008565c       0x10 c:/program files (x86)/atmel/atmel toolchain/arm gcc/native/4.8.1437/arm-gnu-toolchain/bin/../lib/gcc/arm-none-eabi/4.8.4/../../../../arm-none-eabi/lib/armv7-m\libc.a(lib_a-vfiprintf.o)
 .rodata.blanks.6720
                0x0008566c       0x10 c:/program files (x86)/atmel/atmel toolchain/arm gcc/native/4.8.1437/arm-gnu-toolchain/bin/../lib/gcc/arm-none-eabi/4.8.4/../../../../arm-none-eabi/lib/armv7-m\libc.a(lib_a-vfiprintf.o)
 *(.ARM.extab* .gnu.linkonce.armextab.*)
                0x0008567c                . = ALIGN (0x4)
 *(.init)
 .init          0x0008567c        0x4 c:/program files (x86)/atmel/atmel toolchain/arm gcc/native/4.8.1437/arm-gnu-toolchain/bin/../lib/gcc/arm-none-eabi/4.8.4/armv7-m/crti.o
                0x0008567c                _init
 .init          0x00085680        0x8 c:/program files (x86)/atmel/atmel toolchain/arm gcc/native/4.8.1437/arm-gnu-toolchain/bin/../lib/gcc/arm-none-eabi/4.8.4/armv7-m/crtn.o
                0x00085688                . = ALIGN (0x4)
                0x00085688                __preinit_array_start = .
 *(.preinit_array)
                0x00085688                __preinit_array_end = .
                0x00085688                . = ALIGN (0x4)
                0x00085688                __init_array_start = .
 *(SORT(.init_array.*))
 .init_array.00000
                0x00085688        0x4 c:/program files (x86)/atmel/atmel toolchain/arm gcc/native/4.8.1437/arm-gnu-toolchain/bin/../lib/gcc/arm-none-eabi/4.8.4/../../../../arm-none-eabi/lib/armv7-m\libc.a(lib_a-__call_atexit.o)
 *(.init_array)
 .init_array    0x0008568c        0x4 c:/program files (x86)/atmel/atmel toolchain/arm gcc/native/4.8.1437/arm-gnu-toolchain/bin/../lib/gcc/arm-none-eabi/4.8.4/armv7-m/crtbegin.o
                0x00085690                __init_array_end = .
                0x00085690                . = ALIGN (0x4)
 *crtbegin.o(.ctors)
 *(EXCLUDE_FILE(*crtend.o) .ctors)
 *(SORT(.ctors.*))
 *crtend.o(.ctors)
                0x00085690                . = ALIGN (0x4)
 *(.fini)
 .fini          0x00085690        0x4 c:/program files (x86)/atmel/atmel toolchain/arm gcc/native/4.8.1437/arm-gnu-toolchain/bin/../lib/gcc/arm-none-eabi/4.8.4/armv7-m/crti.o
                0x00085690                _fini
 .fini          0x00085694        0x8 c:/program files (x86)/atmel/atmel toolchain/arm gcc/native/4.8.1437/arm-gnu-toolchain/bin/../lib/gcc/arm-none-eabi/4.8.4/armv7-m/crtn.o
                0x0008569c                . = ALIGN (0x4)
                0x0008569c                __fini_array_start = .
 *(.fini_array)
 .fini_array    0x0008569c        0x4 c:/program files (x86)/atmel/atmel toolchain/arm gcc/native/4.8.1437/arm-gnu-toolchain/bin/../lib/gcc/arm-none-eabi/4.8.4/armv7-m/crtbegin.o
 *(SORT(.fini_array.*))
                0x000856a0                __fini_array_end = .
 *crtbegin.o(.dtors)
 *(EXCLUDE_FILE(*crtend.o) .dtors)
 *(SORT(.dtors.*))
 *crtend.o(.dtors)
                0x000856a0                . = ALIGN (0x4)
                0x000856a0                _efixed = .
                0x000856a0                PROVIDE (__exidx_start, .)

.vfp11_veneer   0x000856a0        0x0
 .vfp11_veneer  0x00000000        0x0 linker stubs

.v4_bx          0x000856a0        0x0
 .v4_bx         0x00000000        0x0 linker stubs

.iplt           0x000856a0        0x0
 .iplt          0x00000000        0x0 c:/program files (x86)/atmel/atmel toolchain/arm gcc/native/4.8.1437/arm-gnu-toolchain/bin/../lib/gcc/arm-none-eabi/4.8.4/armv7-m/crtbegin.o

.ARM.exidx      0x000856a0        0x8
 *(.ARM.exidx* .gnu.linkonce.armexidx.*)
 .ARM.exidx     0x000856a0        0x8 c:/program files (x86)/atmel/atmel toolchain/arm gcc/native/4.8.1437/arm-gnu-toolchain/bin/../lib/gcc/arm-none-eabi/4.8.4/armv7-m\libgcc.a(_divdi3.o)
 .ARM.exidx     0x000856a8        0x0 c:/program files (x86)/atmel/atmel toolchain/arm gcc/native/4.8.1437/arm-gnu-toolchain/bin/../lib/gcc/arm-none-eabi/4.8.4/armv7-m\libgcc.a(_udivdi3.o)
                                  0x8 (size before relaxing)
                0x000856a8                PROVIDE (__exidx_end, .)

.eh_frame       0x000856a8        0x0
 .eh_frame      0x000856a8        0x0 c:/program files (x86)/atmel/atmel toolchain/arm gcc/native/4.8.1437/arm-gnu-toolchain/bin/../lib/gcc/arm-none-eabi/4.8.4/armv7-m/crtbegin.o

.rel.dyn        0x000856a8        0x0
 .rel.iplt      0x00000000        0x0 c:/program files (x86)/atmel/atmel toolchain/arm gcc/native/4.8.1437/arm-gnu-toolchain/bin/../lib/gcc/arm-none-eabi/4.8.4/armv7-m/crtbegin.o

.jcr            0x000856a8        0x0
 .jcr           0x000856a8        0x0 c:/program files (x86)/atmel/atmel toolchain/arm gcc/native/4.8.1437/arm-gnu-toolchain/bin/../lib/gcc/arm-none-eabi/4.8.4/armv7-m/crtbegin.o

.igot.plt       0x000856a8        0x0
 .igot.plt      0x00000000        0x0 c:/program files (x86)/atmel/atmel toolchain/arm gcc/native/4.8.1437/arm-gnu-toolchain/bin/../lib/gcc/arm-none-eabi/4.8.4/armv7-m/crtbegin.o
                0x000856a8                . = ALIGN (0x4)
                0x000856a8                _etext = .

.relocate       0x20070000      0x9a4 load address 0x000856a8
                0x20070000                . = ALIGN (0x4)
                0x20070000                _srelocate = .
 *(.ramfunc .ramfunc.*)
 .ramfunc       0x20070000      0x12c src/ASF/sam/utils/cmsis/sam3x/source/templates/system_sam3x.o
                0x20070000                SystemInit
                0x200700a4                system_init_flash
 *(.data .data.*)
 .data.uxCriticalNesting
                0x2007012c        0x4 src/ASF/thirdparty/freertos/freertos-7.3.0/source/portable/gcc/arm_cm3/port.o
 .data.xFreeBytesRemaining
                0x20070130        0x4 src/ASF/thirdparty/freertos/freertos-7.3.0/source/portable/memmang/heap_4.o
 .data.xNextTaskUnblockTime
                0x20070134        0x2 src/ASF/thirdparty/freertos/freertos-7.3.0/source/tasks.o
 .data.g_interrupt_enabled
                0x20070136        0x1 src/ASF/common/utils/interrupt/interrupt_sam_nvic.o
                0x20070136                g_interrupt_enabled
 *fill*         0x20070137        0x1 
 .data.SystemCoreClock
                0x20070138        0x4 src/ASF/sam/utils/cmsis/sam3x/source/templates/system_sam3x.o
                0x20070138                SystemCoreClock
 *fill*         0x2007013c        0x4 
 .data.impure_data
                0x20070140      0x428 c:/program files (x86)/atmel/atmel toolchain/arm gcc/native/4.8.1437/arm-gnu-toolchain/bin/../lib/gcc/arm-none-eabi/4.8.4/../../../../arm-none-eabi/lib/armv7-m\libc.a(lib_a-impure.o)
 .data._impure_ptr
                0x20070568        0x4 c:/program files (x86)/atmel/atmel toolchain/arm gcc/native/4.8.1437/arm-gnu-toolchain/bin/../lib/gcc/arm-none-eabi/4.8.4/../../../../arm-none-eabi/lib/armv7-m\libc.a(lib_a-impure.o)
                0x20070568                _impure_ptr
 .data.lc_ctype_charset
                0x2007056c       0x20 c:/program files (x86)/atmel/atmel toolchain/arm gcc/native/4.8.1437/arm-gnu-toolchain/bin/../lib/gcc/arm-none-eabi/4.8.4/../../../../arm-none-eabi/lib/armv7-m\libc.a(lib_a-locale.o)
 .data.__mb_cur_max
                0x2007058c        0x4 c:/program files (x86)/atmel/atmel toolchain/arm gcc/native/4.8.1437/arm-gnu-toolchain/bin/../lib/gcc/arm-none-eabi/4.8.4/../../../../arm-none-eabi/lib/armv7-m\libc.a(lib_a-locale.o)
                0x2007058c                __mb_cur_max
 .data.__malloc_av_
                0x20070590      0x408 c:/program files (x86)/atmel/atmel toolchain/arm gcc/native/4.8.1437/arm-gnu-toolchain/bin/../lib/gcc/arm-none-eabi/4.8.4/../../../../arm-none-eabi/lib/armv7-m\libc.a(lib_a-mallocr.o)
                0x20070590                __malloc_av_
 .data.__malloc_trim_threshold
                0x20070998        0x4 c:/program files (x86)/atmel/atmel toolchain/arm gcc/native/4.8.1437/arm-gnu-toolchain/bin/../lib/gcc/arm-none-eabi/4.8.4/../../../../arm-none-eabi/lib/armv7-m\libc.a(lib_a-mallocr.o)
                0x20070998                __malloc_trim_threshold
 .data.__malloc_sbrk_base
                0x2007099c        0x4 c:/program files (x86)/atmel/atmel toolchain/arm gcc/native/4.8.1437/arm-gnu-toolchain/bin/../lib/gcc/arm-none-eabi/4.8.4/../../../../arm-none-eabi/lib/armv7-m\libc.a(lib_a-mallocr.o)
                0x2007099c                __malloc_sbrk_base
 .data.__wctomb
                0x200709a0        0x4 c:/program files (x86)/atmel/atmel toolchain/arm gcc/native/4.8.1437/arm-gnu-toolchain/bin/../lib/gcc/arm-none-eabi/4.8.4/../../../../arm-none-eabi/lib/armv7-m\libc.a(lib_a-wctomb_r.o)
                0x200709a0                __wctomb
                0x200709a4                . = ALIGN (0x4)
                0x200709a4                _erelocate = .

.bss            0x200709a8     0x8320 load address 0x00086050
                0x200709a8                . = ALIGN (0x4)
                0x200709a8                _sbss = .
                0x200709a8                _szero = .
 *(.bss .bss.*)
 .bss           0x200709a8       0x1c c:/program files (x86)/atmel/atmel toolchain/arm gcc/native/4.8.1437/arm-gnu-toolchain/bin/../lib/gcc/arm-none-eabi/4.8.4/armv7-m/crtbegin.o
 *fill*         0x200709c4        0x4 
 .bss.xHeap     0x200709c8     0x8000 src/ASF/thirdparty/freertos/freertos-7.3.0/source/portable/memmang/heap_4.o
 .bss.pxEnd     0x200789c8        0x4 src/ASF/thirdparty/freertos/freertos-7.3.0/source/portable/memmang/heap_4.o
 .bss.xStart    0x200789cc        0x8 src/ASF/thirdparty/freertos/freertos-7.3.0/source/portable/memmang/heap_4.o
 .bss.uxMissedTicks
                0x200789d4        0x4 src/ASF/thirdparty/freertos/freertos-7.3.0/source/tasks.o
 .bss.xSuspendedTaskList
                0x200789d8       0x14 src/ASF/thirdparty/freertos/freertos-7.3.0/source/tasks.o
 .bss.pxDelayedTaskList
                0x200789ec        0x4 src/ASF/thirdparty/freertos/freertos-7.3.0/source/tasks.o
 .bss.xSchedulerRunning
                0x200789f0        0x4 src/ASF/thirdparty/freertos/freertos-7.3.0/source/tasks.o
 .bss.uxTasksDeleted
                0x200789f4        0x4 src/ASF/thirdparty/freertos/freertos-7.3.0/source/tasks.o
 .bss.xTasksWaitingTermination
                0x200789f8       0x14 src/ASF/thirdparty/freertos/freertos-7.3.0/source/tasks.o
 .bss.xDelayedTaskList2
                0x20078a0c       0x14 src/ASF/thirdparty/freertos/freertos-7.3.0/source/tasks.o
 .bss.uxTopReadyPriority
                0x20078a20        0x4 src/ASF/thirdparty/freertos/freertos-7.3.0/source/tasks.o
 .bss.pxReadyTasksLists
                0x20078a24       0xc8 src/ASF/thirdparty/freertos/freertos-7.3.0/source/tasks.o
 .bss.uxSchedulerSuspended
                0x20078aec        0x4 src/ASF/thirdparty/freertos/freertos-7.3.0/source/tasks.o
 .bss.pxCurrentTCB
                0x20078af0        0x4 src/ASF/thirdparty/freertos/freertos-7.3.0/source/tasks.o
                0x20078af0                pxCurrentTCB
 .bss.xPendingReadyList
                0x20078af4       0x14 src/ASF/thirdparty/freertos/freertos-7.3.0/source/tasks.o
 .bss.xNumOfOverflows
                0x20078b08        0x4 src/ASF/thirdparty/freertos/freertos-7.3.0/source/tasks.o
 .bss.xTickCount
                0x20078b0c        0x2 src/ASF/thirdparty/freertos/freertos-7.3.0/source/tasks.o
 *fill*         0x20078b0e        0x2 
 .bss.pxOverflowDelayedTaskList
                0x20078b10        0x4 src/ASF/thirdparty/freertos/freertos-7.3.0/source/tasks.o
 .bss.uxTaskNumber
                0x20078b14        0x4 src/ASF/thirdparty/freertos/freertos-7.3.0/source/tasks.o
 .bss.xDelayedTaskList1
                0x20078b18       0x14 src/ASF/thirdparty/freertos/freertos-7.3.0/source/tasks.o
 .bss.xMissedYield
                0x20078b2c        0x4 src/ASF/thirdparty/freertos/freertos-7.3.0/source/tasks.o
 .bss.uxCurrentNumberOfTasks
                0x20078b30        0x4 src/ASF/thirdparty/freertos/freertos-7.3.0/source/tasks.o
 .bss.uxTopUsedPriority
                0x20078b34        0x4 src/ASF/thirdparty/freertos/freertos-7.3.0/source/tasks.o
 .bss.pxCurrentTimerList
                0x20078b38        0x4 src/ASF/thirdparty/freertos/freertos-7.3.0/source/timers.o
 .bss.xActiveTimerList1
                0x20078b3c       0x14 src/ASF/thirdparty/freertos/freertos-7.3.0/source/timers.o
 .bss.xActiveTimerList2
                0x20078b50       0x14 src/ASF/thirdparty/freertos/freertos-7.3.0/source/timers.o
 .bss.xLastTime.4484
                0x20078b64        0x2 src/ASF/thirdparty/freertos/freertos-7.3.0/source/timers.o
 *fill*         0x20078b66        0x2 
 .bss.xTimerQueue
                0x20078b68        0x4 src/ASF/thirdparty/freertos/freertos-7.3.0/source/timers.o
 .bss.pxOverflowTimerList
                0x20078b6c        0x4 src/ASF/thirdparty/freertos/freertos-7.3.0/source/timers.o
 .bss.serial_rx_buf
                0x20078b70       0x9c src/ASF/thirdparty/wireless/addons/sio2host/uart/sio2host.o
 .bss.serial_rx_buf_tail
                0x20078c0c        0x1 src/ASF/thirdparty/wireless/addons/sio2host/uart/sio2host.o
 *fill*         0x20078c0d        0x3 
 .bss.gs_interrupt_sources
                0x20078c10       0x70 src/ASF/sam/drivers/pio/pio_handler.o
 .bss.heap.5098
                0x20078c80        0x4 src/ASF/sam/utils/syscalls/gcc/syscalls.o
 .bss.__malloc_max_total_mem
                0x20078c84        0x4 c:/program files (x86)/atmel/atmel toolchain/arm gcc/native/4.8.1437/arm-gnu-toolchain/bin/../lib/gcc/arm-none-eabi/4.8.4/../../../../arm-none-eabi/lib/armv7-m\libc.a(lib_a-mallocr.o)
                0x20078c84                __malloc_max_total_mem
 .bss.__malloc_max_sbrked_mem
                0x20078c88        0x4 c:/program files (x86)/atmel/atmel toolchain/arm gcc/native/4.8.1437/arm-gnu-toolchain/bin/../lib/gcc/arm-none-eabi/4.8.4/../../../../arm-none-eabi/lib/armv7-m\libc.a(lib_a-mallocr.o)
                0x20078c88                __malloc_max_sbrked_mem
 .bss.__malloc_top_pad
                0x20078c8c        0x4 c:/program files (x86)/atmel/atmel toolchain/arm gcc/native/4.8.1437/arm-gnu-toolchain/bin/../lib/gcc/arm-none-eabi/4.8.4/../../../../arm-none-eabi/lib/armv7-m\libc.a(lib_a-mallocr.o)
                0x20078c8c                __malloc_top_pad
 .bss.__malloc_current_mallinfo
                0x20078c90       0x28 c:/program files (x86)/atmel/atmel toolchain/arm gcc/native/4.8.1437/arm-gnu-toolchain/bin/../lib/gcc/arm-none-eabi/4.8.4/../../../../arm-none-eabi/lib/armv7-m\libc.a(lib_a-mallocr.o)
                0x20078c90                __malloc_current_mallinfo
 *(COMMON)
 COMMON         0x20078cb8        0x4 src/ASF/common/utils/stdio/read.o
                0x20078cb8                ptr_get
 COMMON         0x20078cbc        0x8 src/ASF/common/utils/stdio/write.o
                0x20078cbc                ptr_put
                0x20078cc0                stdio_base
 COMMON         0x20078cc4        0x4 c:/program files (x86)/atmel/atmel toolchain/arm gcc/native/4.8.1437/arm-gnu-toolchain/bin/../lib/gcc/arm-none-eabi/4.8.4/../../../../arm-none-eabi/lib/armv7-m\libc.a(lib_a-reent.o)
                0x20078cc4                errno
                0x20078cc8                . = ALIGN (0x4)
                0x20078cc8                _ebss = .
                0x20078cc8                _ezero = .

.stack          0x20078cc8     0x2000 load address 0x0008e370
                0x20078cc8                . = ALIGN (0x8)
                0x20078cc8                _sstack = .
                0x2007acc8                . = (. + __stack_size__)
 *fill*         0x20078cc8     0x2000 
                0x2007acc8                . = ALIGN (0x8)
                0x2007acc8                _estack = .
                0x2007acc8                . = ALIGN (0x4)
                0x2007acc8                _end = .
OUTPUT(ProjektP2 Danica.elf elf32-littlearm)

.ARM.attributes
                0x00000000       0x29
 .ARM.attributes
                0x00000000       0x1d c:/program files (x86)/atmel/atmel toolchain/arm gcc/native/4.8.1437/arm-gnu-toolchain/bin/../lib/gcc/arm-none-eabi/4.8.4/armv7-m/crti.o
 .ARM.attributes
                0x0000001d       0x2d c:/program files (x86)/atmel/atmel toolchain/arm gcc/native/4.8.1437/arm-gnu-toolchain/bin/../lib/gcc/arm-none-eabi/4.8.4/armv7-m/crtbegin.o
 .ARM.attributes
                0x0000004a       0x33 src/adc/adcFunctions.o
 .ARM.attributes
                0x0000007d       0x33 src/ASF/sam/drivers/adc/adc.o
 .ARM.attributes
                0x000000b0       0x33 src/TaskJoystick.o
 .ARM.attributes
                0x000000e3       0x33 src/ASF/common/services/serial/usart_serial.o
 .ARM.attributes
                0x00000116       0x33 src/ASF/common/utils/stdio/read.o
 .ARM.attributes
                0x00000149       0x33 src/ASF/common/utils/stdio/write.o
 .ARM.attributes
                0x0000017c       0x33 src/ASF/sam/drivers/uart/uart.o
 .ARM.attributes
                0x000001af       0x33 src/ASF/sam/drivers/usart/usart.o
 .ARM.attributes
                0x000001e2       0x33 src/ASF/thirdparty/freertos/freertos-7.3.0/source/list.o
 .ARM.attributes
                0x00000215       0x33 src/ASF/thirdparty/freertos/freertos-7.3.0/source/portable/gcc/arm_cm3/port.o
 .ARM.attributes
                0x00000248       0x33 src/ASF/thirdparty/freertos/freertos-7.3.0/source/portable/memmang/heap_4.o
 .ARM.attributes
                0x0000027b       0x33 src/ASF/thirdparty/freertos/freertos-7.3.0/source/queue.o
 .ARM.attributes
                0x000002ae       0x33 src/ASF/thirdparty/freertos/freertos-7.3.0/source/tasks.o
 .ARM.attributes
                0x000002e1       0x33 src/ASF/thirdparty/freertos/freertos-7.3.0/source/timers.o
 .ARM.attributes
                0x00000314       0x33 src/ASF/thirdparty/wireless/addons/sio2host/uart/sio2host.o
 .ARM.attributes
                0x00000347       0x33 src/consoleFunctions.o
 .ARM.attributes
                0x0000037a       0x33 src/ASF/common/services/clock/sam3x/sysclk.o
 .ARM.attributes
                0x000003ad       0x33 src/ASF/common/utils/interrupt/interrupt_sam_nvic.o
 .ARM.attributes
                0x000003e0       0x33 src/ASF/sam/boards/arduino_due_x/init.o
 .ARM.attributes
                0x00000413       0x33 src/ASF/sam/drivers/pio/pio.o
 .ARM.attributes
                0x00000446       0x33 src/ASF/sam/drivers/pio/pio_handler.o
 .ARM.attributes
                0x00000479       0x33 src/ASF/sam/drivers/pmc/pmc.o
 .ARM.attributes
                0x000004ac       0x33 src/ASF/sam/utils/cmsis/sam3x/source/templates/exceptions.o
 .ARM.attributes
                0x000004df       0x33 src/ASF/sam/utils/cmsis/sam3x/source/templates/gcc/startup_sam3x.o
 .ARM.attributes
                0x00000512       0x33 src/ASF/sam/utils/cmsis/sam3x/source/templates/system_sam3x.o
 .ARM.attributes
                0x00000545       0x33 src/ASF/sam/utils/syscalls/gcc/syscalls.o
 .ARM.attributes
                0x00000578       0x33 src/main.o
 .ARM.attributes
                0x000005ab       0x2d c:/program files (x86)/atmel/atmel toolchain/arm gcc/native/4.8.1437/arm-gnu-toolchain/bin/../lib/gcc/arm-none-eabi/4.8.4/../../../../arm-none-eabi/lib/armv7-m\libc.a(lib_a-impure.o)
 .ARM.attributes
                0x000005d8       0x2d c:/program files (x86)/atmel/atmel toolchain/arm gcc/native/4.8.1437/arm-gnu-toolchain/bin/../lib/gcc/arm-none-eabi/4.8.4/../../../../arm-none-eabi/lib/armv7-m\libc.a(lib_a-init.o)
 .ARM.attributes
                0x00000605       0x2d c:/program files (x86)/atmel/atmel toolchain/arm gcc/native/4.8.1437/arm-gnu-toolchain/bin/../lib/gcc/arm-none-eabi/4.8.4/../../../../arm-none-eabi/lib/armv7-m\libc.a(lib_a-iprintf.o)
 .ARM.attributes
                0x00000632       0x1b c:/program files (x86)/atmel/atmel toolchain/arm gcc/native/4.8.1437/arm-gnu-toolchain/bin/../lib/gcc/arm-none-eabi/4.8.4/../../../../arm-none-eabi/lib/armv7-m\libc.a(lib_a-memcpy.o)
 .ARM.attributes
                0x0000064d       0x2d c:/program files (x86)/atmel/atmel toolchain/arm gcc/native/4.8.1437/arm-gnu-toolchain/bin/../lib/gcc/arm-none-eabi/4.8.4/../../../../arm-none-eabi/lib/armv7-m\libc.a(lib_a-memset.o)
 .ARM.attributes
                0x0000067a       0x2d c:/program files (x86)/atmel/atmel toolchain/arm gcc/native/4.8.1437/arm-gnu-toolchain/bin/../lib/gcc/arm-none-eabi/4.8.4/../../../../arm-none-eabi/lib/armv7-m\libc.a(lib_a-setbuf.o)
 .ARM.attributes
                0x000006a7       0x2d c:/program files (x86)/atmel/atmel toolchain/arm gcc/native/4.8.1437/arm-gnu-toolchain/bin/../lib/gcc/arm-none-eabi/4.8.4/../../../../arm-none-eabi/lib/armv7-m\libc.a(lib_a-setvbuf.o)
 .ARM.attributes
                0x000006d4       0x2d c:/program files (x86)/atmel/atmel toolchain/arm gcc/native/4.8.1437/arm-gnu-toolchain/bin/../lib/gcc/arm-none-eabi/4.8.4/../../../../arm-none-eabi/lib/armv7-m\libc.a(lib_a-strlen.o)
 .ARM.attributes
                0x00000701       0x2d c:/program files (x86)/atmel/atmel toolchain/arm gcc/native/4.8.1437/arm-gnu-toolchain/bin/../lib/gcc/arm-none-eabi/4.8.4/../../../../arm-none-eabi/lib/armv7-m\libc.a(lib_a-strncpy.o)
 .ARM.attributes
                0x0000072e       0x2d c:/program files (x86)/atmel/atmel toolchain/arm gcc/native/4.8.1437/arm-gnu-toolchain/bin/../lib/gcc/arm-none-eabi/4.8.4/../../../../arm-none-eabi/lib/armv7-m\libc.a(lib_a-vfiprintf.o)
 .ARM.attributes
                0x0000075b       0x2d c:/program files (x86)/atmel/atmel toolchain/arm gcc/native/4.8.1437/arm-gnu-toolchain/bin/../lib/gcc/arm-none-eabi/4.8.4/../../../../arm-none-eabi/lib/armv7-m\libc.a(lib_a-wsetup.o)
 .ARM.attributes
                0x00000788       0x2d c:/program files (x86)/atmel/atmel toolchain/arm gcc/native/4.8.1437/arm-gnu-toolchain/bin/../lib/gcc/arm-none-eabi/4.8.4/../../../../arm-none-eabi/lib/armv7-m\libc.a(lib_a-__call_atexit.o)
 .ARM.attributes
                0x000007b5       0x2d c:/program files (x86)/atmel/atmel toolchain/arm gcc/native/4.8.1437/arm-gnu-toolchain/bin/../lib/gcc/arm-none-eabi/4.8.4/../../../../arm-none-eabi/lib/armv7-m\libc.a(lib_a-atexit.o)
 .ARM.attributes
                0x000007e2       0x2d c:/program files (x86)/atmel/atmel toolchain/arm gcc/native/4.8.1437/arm-gnu-toolchain/bin/../lib/gcc/arm-none-eabi/4.8.4/../../../../arm-none-eabi/lib/armv7-m\libc.a(lib_a-fflush.o)
 .ARM.attributes
                0x0000080f       0x2d c:/program files (x86)/atmel/atmel toolchain/arm gcc/native/4.8.1437/arm-gnu-toolchain/bin/../lib/gcc/arm-none-eabi/4.8.4/../../../../arm-none-eabi/lib/armv7-m\libc.a(lib_a-findfp.o)
 .ARM.attributes
                0x0000083c       0x2d c:/program files (x86)/atmel/atmel toolchain/arm gcc/native/4.8.1437/arm-gnu-toolchain/bin/../lib/gcc/arm-none-eabi/4.8.4/../../../../arm-none-eabi/lib/armv7-m\libc.a(lib_a-fini.o)
 .ARM.attributes
                0x00000869       0x2d c:/program files (x86)/atmel/atmel toolchain/arm gcc/native/4.8.1437/arm-gnu-toolchain/bin/../lib/gcc/arm-none-eabi/4.8.4/../../../../arm-none-eabi/lib/armv7-m\libc.a(lib_a-fputwc.o)
 .ARM.attributes
                0x00000896       0x2d c:/program files (x86)/atmel/atmel toolchain/arm gcc/native/4.8.1437/arm-gnu-toolchain/bin/../lib/gcc/arm-none-eabi/4.8.4/../../../../arm-none-eabi/lib/armv7-m\libc.a(lib_a-freer.o)
 .ARM.attributes
                0x000008c3       0x2d c:/program files (x86)/atmel/atmel toolchain/arm gcc/native/4.8.1437/arm-gnu-toolchain/bin/../lib/gcc/arm-none-eabi/4.8.4/../../../../arm-none-eabi/lib/armv7-m\libc.a(lib_a-fvwrite.o)
 .ARM.attributes
                0x000008f0       0x2d c:/program files (x86)/atmel/atmel toolchain/arm gcc/native/4.8.1437/arm-gnu-toolchain/bin/../lib/gcc/arm-none-eabi/4.8.4/../../../../arm-none-eabi/lib/armv7-m\libc.a(lib_a-fwalk.o)
 .ARM.attributes
                0x0000091d       0x2d c:/program files (x86)/atmel/atmel toolchain/arm gcc/native/4.8.1437/arm-gnu-toolchain/bin/../lib/gcc/arm-none-eabi/4.8.4/../../../../arm-none-eabi/lib/armv7-m\libc.a(lib_a-locale.o)
 .ARM.attributes
                0x0000094a       0x2d c:/program files (x86)/atmel/atmel toolchain/arm gcc/native/4.8.1437/arm-gnu-toolchain/bin/../lib/gcc/arm-none-eabi/4.8.4/../../../../arm-none-eabi/lib/armv7-m\libc.a(lib_a-makebuf.o)
 .ARM.attributes
                0x00000977       0x2d c:/program files (x86)/atmel/atmel toolchain/arm gcc/native/4.8.1437/arm-gnu-toolchain/bin/../lib/gcc/arm-none-eabi/4.8.4/../../../../arm-none-eabi/lib/armv7-m\libc.a(lib_a-malloc.o)
 .ARM.attributes
                0x000009a4       0x2d c:/program files (x86)/atmel/atmel toolchain/arm gcc/native/4.8.1437/arm-gnu-toolchain/bin/../lib/gcc/arm-none-eabi/4.8.4/../../../../arm-none-eabi/lib/armv7-m\libc.a(lib_a-mallocr.o)
 .ARM.attributes
                0x000009d1       0x2d c:/program files (x86)/atmel/atmel toolchain/arm gcc/native/4.8.1437/arm-gnu-toolchain/bin/../lib/gcc/arm-none-eabi/4.8.4/../../../../arm-none-eabi/lib/armv7-m\libc.a(lib_a-memchr-stub.o)
 .ARM.attributes
                0x000009fe       0x2d c:/program files (x86)/atmel/atmel toolchain/arm gcc/native/4.8.1437/arm-gnu-toolchain/bin/../lib/gcc/arm-none-eabi/4.8.4/../../../../arm-none-eabi/lib/armv7-m\libc.a(lib_a-memmove.o)
 .ARM.attributes
                0x00000a2b       0x2d c:/program files (x86)/atmel/atmel toolchain/arm gcc/native/4.8.1437/arm-gnu-toolchain/bin/../lib/gcc/arm-none-eabi/4.8.4/../../../../arm-none-eabi/lib/armv7-m\libc.a(lib_a-mlock.o)
 .ARM.attributes
                0x00000a58       0x2d c:/program files (x86)/atmel/atmel toolchain/arm gcc/native/4.8.1437/arm-gnu-toolchain/bin/../lib/gcc/arm-none-eabi/4.8.4/../../../../arm-none-eabi/lib/armv7-m\libc.a(lib_a-reallocr.o)
 .ARM.attributes
                0x00000a85       0x2d c:/program files (x86)/atmel/atmel toolchain/arm gcc/native/4.8.1437/arm-gnu-toolchain/bin/../lib/gcc/arm-none-eabi/4.8.4/../../../../arm-none-eabi/lib/armv7-m\libc.a(lib_a-sbrkr.o)
 .ARM.attributes
                0x00000ab2       0x2d c:/program files (x86)/atmel/atmel toolchain/arm gcc/native/4.8.1437/arm-gnu-toolchain/bin/../lib/gcc/arm-none-eabi/4.8.4/../../../../arm-none-eabi/lib/armv7-m\libc.a(lib_a-stdio.o)
 .ARM.attributes
                0x00000adf       0x2d c:/program files (x86)/atmel/atmel toolchain/arm gcc/native/4.8.1437/arm-gnu-toolchain/bin/../lib/gcc/arm-none-eabi/4.8.4/../../../../arm-none-eabi/lib/armv7-m\libc.a(lib_a-wbuf.o)
 .ARM.attributes
                0x00000b0c       0x2d c:/program files (x86)/atmel/atmel toolchain/arm gcc/native/4.8.1437/arm-gnu-toolchain/bin/../lib/gcc/arm-none-eabi/4.8.4/../../../../arm-none-eabi/lib/armv7-m\libc.a(lib_a-wcrtomb.o)
 .ARM.attributes
                0x00000b39       0x2d c:/program files (x86)/atmel/atmel toolchain/arm gcc/native/4.8.1437/arm-gnu-toolchain/bin/../lib/gcc/arm-none-eabi/4.8.4/../../../../arm-none-eabi/lib/armv7-m\libc.a(lib_a-wctomb_r.o)
 .ARM.attributes
                0x00000b66       0x2d c:/program files (x86)/atmel/atmel toolchain/arm gcc/native/4.8.1437/arm-gnu-toolchain/bin/../lib/gcc/arm-none-eabi/4.8.4/../../../../arm-none-eabi/lib/armv7-m\libc.a(lib_a-writer.o)
 .ARM.attributes
                0x00000b93       0x2d c:/program files (x86)/atmel/atmel toolchain/arm gcc/native/4.8.1437/arm-gnu-toolchain/bin/../lib/gcc/arm-none-eabi/4.8.4/../../../../arm-none-eabi/lib/armv7-m\libc.a(lib_a-__atexit.o)
 .ARM.attributes
                0x00000bc0       0x2d c:/program files (x86)/atmel/atmel toolchain/arm gcc/native/4.8.1437/arm-gnu-toolchain/bin/../lib/gcc/arm-none-eabi/4.8.4/../../../../arm-none-eabi/lib/armv7-m\libc.a(lib_a-closer.o)
 .ARM.attributes
                0x00000bed       0x2d c:/program files (x86)/atmel/atmel toolchain/arm gcc/native/4.8.1437/arm-gnu-toolchain/bin/../lib/gcc/arm-none-eabi/4.8.4/../../../../arm-none-eabi/lib/armv7-m\libc.a(lib_a-fclose.o)
 .ARM.attributes
                0x00000c1a       0x2d c:/program files (x86)/atmel/atmel toolchain/arm gcc/native/4.8.1437/arm-gnu-toolchain/bin/../lib/gcc/arm-none-eabi/4.8.4/../../../../arm-none-eabi/lib/armv7-m\libc.a(lib_a-fstatr.o)
 .ARM.attributes
                0x00000c47       0x2d c:/program files (x86)/atmel/atmel toolchain/arm gcc/native/4.8.1437/arm-gnu-toolchain/bin/../lib/gcc/arm-none-eabi/4.8.4/../../../../arm-none-eabi/lib/armv7-m\libc.a(lib_a-isattyr.o)
 .ARM.attributes
                0x00000c74       0x2d c:/program files (x86)/atmel/atmel toolchain/arm gcc/native/4.8.1437/arm-gnu-toolchain/bin/../lib/gcc/arm-none-eabi/4.8.4/../../../../arm-none-eabi/lib/armv7-m\libc.a(lib_a-lseekr.o)
 .ARM.attributes
                0x00000ca1       0x2d c:/program files (x86)/atmel/atmel toolchain/arm gcc/native/4.8.1437/arm-gnu-toolchain/bin/../lib/gcc/arm-none-eabi/4.8.4/../../../../arm-none-eabi/lib/armv7-m\libc.a(lib_a-readr.o)
 .ARM.attributes
                0x00000cce       0x2d c:/program files (x86)/atmel/atmel toolchain/arm gcc/native/4.8.1437/arm-gnu-toolchain/bin/../lib/gcc/arm-none-eabi/4.8.4/../../../../arm-none-eabi/lib/armv7-m\libc.a(lib_a-reent.o)
 .ARM.attributes
                0x00000cfb       0x1d c:/program files (x86)/atmel/atmel toolchain/arm gcc/native/4.8.1437/arm-gnu-toolchain/bin/../lib/gcc/arm-none-eabi/4.8.4/armv7-m\libgcc.a(_aeabi_uldivmod.o)
 .ARM.attributes
                0x00000d18       0x2d c:/program files (x86)/atmel/atmel toolchain/arm gcc/native/4.8.1437/arm-gnu-toolchain/bin/../lib/gcc/arm-none-eabi/4.8.4/armv7-m\libgcc.a(bpabi.o)
 .ARM.attributes
                0x00000d45       0x1d c:/program files (x86)/atmel/atmel toolchain/arm gcc/native/4.8.1437/arm-gnu-toolchain/bin/../lib/gcc/arm-none-eabi/4.8.4/armv7-m\libgcc.a(_dvmd_tls.o)
 .ARM.attributes
                0x00000d62       0x2d c:/program files (x86)/atmel/atmel toolchain/arm gcc/native/4.8.1437/arm-gnu-toolchain/bin/../lib/gcc/arm-none-eabi/4.8.4/armv7-m\libgcc.a(_divdi3.o)
 .ARM.attributes
                0x00000d8f       0x2d c:/program files (x86)/atmel/atmel toolchain/arm gcc/native/4.8.1437/arm-gnu-toolchain/bin/../lib/gcc/arm-none-eabi/4.8.4/armv7-m\libgcc.a(_udivdi3.o)
 .ARM.attributes
                0x00000dbc       0x1d c:/program files (x86)/atmel/atmel toolchain/arm gcc/native/4.8.1437/arm-gnu-toolchain/bin/../lib/gcc/arm-none-eabi/4.8.4/armv7-m/crtn.o

.comment        0x00000000       0x5b
 .comment       0x00000000       0x5b src/adc/adcFunctions.o
                                 0x5c (size before relaxing)
 .comment       0x00000000       0x5c src/ASF/sam/drivers/adc/adc.o
 .comment       0x00000000       0x5c src/TaskJoystick.o
 .comment       0x00000000       0x5c src/ASF/common/services/serial/usart_serial.o
 .comment       0x00000000       0x5c src/ASF/common/utils/stdio/read.o
 .comment       0x00000000       0x5c src/ASF/common/utils/stdio/write.o
 .comment       0x00000000       0x5c src/ASF/sam/drivers/uart/uart.o
 .comment       0x00000000       0x5c src/ASF/sam/drivers/usart/usart.o
 .comment       0x00000000       0x5c src/ASF/thirdparty/freertos/freertos-7.3.0/source/list.o
 .comment       0x00000000       0x5c src/ASF/thirdparty/freertos/freertos-7.3.0/source/portable/gcc/arm_cm3/port.o
 .comment       0x00000000       0x5c src/ASF/thirdparty/freertos/freertos-7.3.0/source/portable/memmang/heap_4.o
 .comment       0x00000000       0x5c src/ASF/thirdparty/freertos/freertos-7.3.0/source/queue.o
 .comment       0x00000000       0x5c src/ASF/thirdparty/freertos/freertos-7.3.0/source/tasks.o
 .comment       0x00000000       0x5c src/ASF/thirdparty/freertos/freertos-7.3.0/source/timers.o
 .comment       0x00000000       0x5c src/ASF/thirdparty/wireless/addons/sio2host/uart/sio2host.o
 .comment       0x00000000       0x5c src/consoleFunctions.o
 .comment       0x00000000       0x5c src/ASF/common/services/clock/sam3x/sysclk.o
 .comment       0x00000000       0x5c src/ASF/common/utils/interrupt/interrupt_sam_nvic.o
 .comment       0x00000000       0x5c src/ASF/sam/boards/arduino_due_x/init.o
 .comment       0x00000000       0x5c src/ASF/sam/drivers/pio/pio.o
 .comment       0x00000000       0x5c src/ASF/sam/drivers/pio/pio_handler.o
 .comment       0x00000000       0x5c src/ASF/sam/drivers/pmc/pmc.o
 .comment       0x00000000       0x5c src/ASF/sam/utils/cmsis/sam3x/source/templates/exceptions.o
 .comment       0x00000000       0x5c src/ASF/sam/utils/cmsis/sam3x/source/templates/gcc/startup_sam3x.o
 .comment       0x00000000       0x5c src/ASF/sam/utils/cmsis/sam3x/source/templates/system_sam3x.o
 .comment       0x00000000       0x5c src/ASF/sam/utils/syscalls/gcc/syscalls.o
 .comment       0x00000000       0x5c src/main.o

.debug_info     0x00000000    0x12bfe
 .debug_info    0x00000000      0xfad src/adc/adcFunctions.o
 .debug_info    0x00000fad     0x1123 src/ASF/sam/drivers/adc/adc.o
 .debug_info    0x000020d0     0x1905 src/TaskJoystick.o
 .debug_info    0x000039d5      0x7c5 src/ASF/common/services/serial/usart_serial.o
 .debug_info    0x0000419a      0x1bb src/ASF/common/utils/stdio/read.o
 .debug_info    0x00004355      0x1bb src/ASF/common/utils/stdio/write.o
 .debug_info    0x00004510      0x821 src/ASF/sam/drivers/uart/uart.o
 .debug_info    0x00004d31     0x1bf9 src/ASF/sam/drivers/usart/usart.o
 .debug_info    0x0000692a      0x2b7 src/ASF/thirdparty/freertos/freertos-7.3.0/source/list.o
 .debug_info    0x00006be1      0x3a0 src/ASF/thirdparty/freertos/freertos-7.3.0/source/portable/gcc/arm_cm3/port.o
 .debug_info    0x00006f81      0x38d src/ASF/thirdparty/freertos/freertos-7.3.0/source/portable/memmang/heap_4.o
 .debug_info    0x0000730e      0xea7 src/ASF/thirdparty/freertos/freertos-7.3.0/source/queue.o
 .debug_info    0x000081b5     0x178e src/ASF/thirdparty/freertos/freertos-7.3.0/source/tasks.o
 .debug_info    0x00009943      0xb44 src/ASF/thirdparty/freertos/freertos-7.3.0/source/timers.o
 .debug_info    0x0000a487     0x188b src/ASF/thirdparty/wireless/addons/sio2host/uart/sio2host.o
 .debug_info    0x0000bd12     0x12ac src/consoleFunctions.o
 .debug_info    0x0000cfbe      0x796 src/ASF/common/services/clock/sam3x/sysclk.o
 .debug_info    0x0000d754      0x1e8 src/ASF/common/utils/interrupt/interrupt_sam_nvic.o
 .debug_info    0x0000d93c      0x75c src/ASF/sam/boards/arduino_due_x/init.o
 .debug_info    0x0000e098     0x1385 src/ASF/sam/drivers/pio/pio.o
 .debug_info    0x0000f41d      0xe52 src/ASF/sam/drivers/pio/pio_handler.o
 .debug_info    0x0001026f     0x1080 src/ASF/sam/drivers/pmc/pmc.o
 .debug_info    0x000112ef      0x124 src/ASF/sam/utils/cmsis/sam3x/source/templates/exceptions.o
 .debug_info    0x00011413      0x3bd src/ASF/sam/utils/cmsis/sam3x/source/templates/gcc/startup_sam3x.o
 .debug_info    0x000117d0      0x4c6 src/ASF/sam/utils/cmsis/sam3x/source/templates/system_sam3x.o
 .debug_info    0x00011c96      0x43f src/ASF/sam/utils/syscalls/gcc/syscalls.o
 .debug_info    0x000120d5      0xb29 src/main.o

.debug_abbrev   0x00000000     0x3515
 .debug_abbrev  0x00000000      0x235 src/adc/adcFunctions.o
 .debug_abbrev  0x00000235      0x226 src/ASF/sam/drivers/adc/adc.o
 .debug_abbrev  0x0000045b      0x2c6 src/TaskJoystick.o
 .debug_abbrev  0x00000721      0x1a8 src/ASF/common/services/serial/usart_serial.o
 .debug_abbrev  0x000008c9      0x101 src/ASF/common/utils/stdio/read.o
 .debug_abbrev  0x000009ca       0xee src/ASF/common/utils/stdio/write.o
 .debug_abbrev  0x00000ab8      0x1a3 src/ASF/sam/drivers/uart/uart.o
 .debug_abbrev  0x00000c5b      0x2da src/ASF/sam/drivers/usart/usart.o
 .debug_abbrev  0x00000f35       0xfb src/ASF/thirdparty/freertos/freertos-7.3.0/source/list.o
 .debug_abbrev  0x00001030      0x246 src/ASF/thirdparty/freertos/freertos-7.3.0/source/portable/gcc/arm_cm3/port.o
 .debug_abbrev  0x00001276      0x220 src/ASF/thirdparty/freertos/freertos-7.3.0/source/portable/memmang/heap_4.o
 .debug_abbrev  0x00001496      0x231 src/ASF/thirdparty/freertos/freertos-7.3.0/source/queue.o
 .debug_abbrev  0x000016c7      0x2e0 src/ASF/thirdparty/freertos/freertos-7.3.0/source/tasks.o
 .debug_abbrev  0x000019a7      0x261 src/ASF/thirdparty/freertos/freertos-7.3.0/source/timers.o
 .debug_abbrev  0x00001c08      0x3da src/ASF/thirdparty/wireless/addons/sio2host/uart/sio2host.o
 .debug_abbrev  0x00001fe2      0x341 src/consoleFunctions.o
 .debug_abbrev  0x00002323      0x227 src/ASF/common/services/clock/sam3x/sysclk.o
 .debug_abbrev  0x0000254a       0xef src/ASF/common/utils/interrupt/interrupt_sam_nvic.o
 .debug_abbrev  0x00002639      0x16f src/ASF/sam/boards/arduino_due_x/init.o
 .debug_abbrev  0x000027a8      0x2d5 src/ASF/sam/drivers/pio/pio.o
 .debug_abbrev  0x00002a7d      0x257 src/ASF/sam/drivers/pio/pio_handler.o
 .debug_abbrev  0x00002cd4      0x268 src/ASF/sam/drivers/pmc/pmc.o
 .debug_abbrev  0x00002f3c       0x8c src/ASF/sam/utils/cmsis/sam3x/source/templates/exceptions.o
 .debug_abbrev  0x00002fc8      0x118 src/ASF/sam/utils/cmsis/sam3x/source/templates/gcc/startup_sam3x.o
 .debug_abbrev  0x000030e0      0x115 src/ASF/sam/utils/cmsis/sam3x/source/templates/system_sam3x.o
 .debug_abbrev  0x000031f5      0x14e src/ASF/sam/utils/syscalls/gcc/syscalls.o
 .debug_abbrev  0x00003343      0x1d2 src/main.o

.debug_loc      0x00000000     0x81de
 .debug_loc     0x00000000       0x60 src/adc/adcFunctions.o
 .debug_loc     0x00000060      0x9c2 src/ASF/sam/drivers/adc/adc.o
 .debug_loc     0x00000a22      0x268 src/TaskJoystick.o
 .debug_loc     0x00000c8a      0x2d1 src/ASF/common/services/serial/usart_serial.o
 .debug_loc     0x00000f5b       0xc5 src/ASF/common/utils/stdio/read.o
 .debug_loc     0x00001020      0x161 src/ASF/common/utils/stdio/write.o
 .debug_loc     0x00001181      0x236 src/ASF/sam/drivers/uart/uart.o
 .debug_loc     0x000013b7     0x128d src/ASF/sam/drivers/usart/usart.o
 .debug_loc     0x00002644       0x91 src/ASF/thirdparty/freertos/freertos-7.3.0/source/list.o
 .debug_loc     0x000026d5      0x100 src/ASF/thirdparty/freertos/freertos-7.3.0/source/portable/gcc/arm_cm3/port.o
 .debug_loc     0x000027d5      0x371 src/ASF/thirdparty/freertos/freertos-7.3.0/source/portable/memmang/heap_4.o
 .debug_loc     0x00002b46     0x10da src/ASF/thirdparty/freertos/freertos-7.3.0/source/queue.o
 .debug_loc     0x00003c20     0x1545 src/ASF/thirdparty/freertos/freertos-7.3.0/source/tasks.o
 .debug_loc     0x00005165      0x9a4 src/ASF/thirdparty/freertos/freertos-7.3.0/source/timers.o
 .debug_loc     0x00005b09      0x4b5 src/ASF/thirdparty/wireless/addons/sio2host/uart/sio2host.o
 .debug_loc     0x00005fbe      0x28b src/consoleFunctions.o
 .debug_loc     0x00006249      0x12d src/ASF/common/services/clock/sam3x/sysclk.o
 .debug_loc     0x00006376       0x1e src/ASF/common/utils/interrupt/interrupt_sam_nvic.o
 .debug_loc     0x00006394       0x20 src/ASF/sam/boards/arduino_due_x/init.o
 .debug_loc     0x000063b4      0xa83 src/ASF/sam/drivers/pio/pio.o
 .debug_loc     0x00006e37      0x53d src/ASF/sam/drivers/pio/pio_handler.o
 .debug_loc     0x00007374      0xc95 src/ASF/sam/drivers/pmc/pmc.o
 .debug_loc     0x00008009       0x7e src/ASF/sam/utils/cmsis/sam3x/source/templates/gcc/startup_sam3x.o
 .debug_loc     0x00008087      0x12b src/ASF/sam/utils/syscalls/gcc/syscalls.o
 .debug_loc     0x000081b2       0x2c src/main.o

.debug_aranges  0x00000000      0xec0
 .debug_aranges
                0x00000000       0x30 src/adc/adcFunctions.o
 .debug_aranges
                0x00000030      0x180 src/ASF/sam/drivers/adc/adc.o
 .debug_aranges
                0x000001b0       0x28 src/TaskJoystick.o
 .debug_aranges
                0x000001d8       0x28 src/ASF/common/services/serial/usart_serial.o
 .debug_aranges
                0x00000200       0x20 src/ASF/common/utils/stdio/read.o
 .debug_aranges
                0x00000220       0x20 src/ASF/common/utils/stdio/write.o
 .debug_aranges
                0x00000240       0xd8 src/ASF/sam/drivers/uart/uart.o
 .debug_aranges
                0x00000318      0x2a8 src/ASF/sam/drivers/usart/usart.o
 .debug_aranges
                0x000005c0       0x40 src/ASF/thirdparty/freertos/freertos-7.3.0/source/list.o
 .debug_aranges
                0x00000600       0x80 src/ASF/thirdparty/freertos/freertos-7.3.0/source/portable/gcc/arm_cm3/port.o
 .debug_aranges
                0x00000680       0x40 src/ASF/thirdparty/freertos/freertos-7.3.0/source/portable/memmang/heap_4.o
 .debug_aranges
                0x000006c0       0xc8 src/ASF/thirdparty/freertos/freertos-7.3.0/source/queue.o
 .debug_aranges
                0x00000788      0x130 src/ASF/thirdparty/freertos/freertos-7.3.0/source/tasks.o
 .debug_aranges
                0x000008b8       0x60 src/ASF/thirdparty/freertos/freertos-7.3.0/source/timers.o
 .debug_aranges
                0x00000918       0x60 src/ASF/thirdparty/wireless/addons/sio2host/uart/sio2host.o
 .debug_aranges
                0x00000978       0x30 src/consoleFunctions.o
 .debug_aranges
                0x000009a8       0x40 src/ASF/common/services/clock/sam3x/sysclk.o
 .debug_aranges
                0x000009e8       0x28 src/ASF/common/utils/interrupt/interrupt_sam_nvic.o
 .debug_aranges
                0x00000a10       0x20 src/ASF/sam/boards/arduino_due_x/init.o
 .debug_aranges
                0x00000a30      0x148 src/ASF/sam/drivers/pio/pio.o
 .debug_aranges
                0x00000b78       0x58 src/ASF/sam/drivers/pio/pio_handler.o
 .debug_aranges
                0x00000bd0      0x200 src/ASF/sam/drivers/pmc/pmc.o
 .debug_aranges
                0x00000dd0       0x20 src/ASF/sam/utils/cmsis/sam3x/source/templates/exceptions.o
 .debug_aranges
                0x00000df0       0x20 src/ASF/sam/utils/cmsis/sam3x/source/templates/gcc/startup_sam3x.o
 .debug_aranges
                0x00000e10       0x30 src/ASF/sam/utils/cmsis/sam3x/source/templates/system_sam3x.o
 .debug_aranges
                0x00000e40       0x60 src/ASF/sam/utils/syscalls/gcc/syscalls.o
 .debug_aranges
                0x00000ea0       0x20 src/main.o

.debug_ranges   0x00000000      0xdf8
 .debug_ranges  0x00000000       0x20 src/adc/adcFunctions.o
 .debug_ranges  0x00000020      0x170 src/ASF/sam/drivers/adc/adc.o
 .debug_ranges  0x00000190       0x48 src/TaskJoystick.o
 .debug_ranges  0x000001d8       0x30 src/ASF/common/services/serial/usart_serial.o
 .debug_ranges  0x00000208       0x10 src/ASF/common/utils/stdio/read.o
 .debug_ranges  0x00000218       0x10 src/ASF/common/utils/stdio/write.o
 .debug_ranges  0x00000228       0xc8 src/ASF/sam/drivers/uart/uart.o
 .debug_ranges  0x000002f0      0x298 src/ASF/sam/drivers/usart/usart.o
 .debug_ranges  0x00000588       0x30 src/ASF/thirdparty/freertos/freertos-7.3.0/source/list.o
 .debug_ranges  0x000005b8       0x70 src/ASF/thirdparty/freertos/freertos-7.3.0/source/portable/gcc/arm_cm3/port.o
 .debug_ranges  0x00000628       0x30 src/ASF/thirdparty/freertos/freertos-7.3.0/source/portable/memmang/heap_4.o
 .debug_ranges  0x00000658       0xb8 src/ASF/thirdparty/freertos/freertos-7.3.0/source/queue.o
 .debug_ranges  0x00000710      0x168 src/ASF/thirdparty/freertos/freertos-7.3.0/source/tasks.o
 .debug_ranges  0x00000878       0xa8 src/ASF/thirdparty/freertos/freertos-7.3.0/source/timers.o
 .debug_ranges  0x00000920       0x50 src/ASF/thirdparty/wireless/addons/sio2host/uart/sio2host.o
 .debug_ranges  0x00000970       0x20 src/consoleFunctions.o
 .debug_ranges  0x00000990       0x30 src/ASF/common/services/clock/sam3x/sysclk.o
 .debug_ranges  0x000009c0       0x18 src/ASF/common/utils/interrupt/interrupt_sam_nvic.o
 .debug_ranges  0x000009d8       0x10 src/ASF/sam/boards/arduino_due_x/init.o
 .debug_ranges  0x000009e8      0x138 src/ASF/sam/drivers/pio/pio.o
 .debug_ranges  0x00000b20       0x48 src/ASF/sam/drivers/pio/pio_handler.o
 .debug_ranges  0x00000b68      0x1f0 src/ASF/sam/drivers/pmc/pmc.o
 .debug_ranges  0x00000d58       0x10 src/ASF/sam/utils/cmsis/sam3x/source/templates/exceptions.o
 .debug_ranges  0x00000d68       0x10 src/ASF/sam/utils/cmsis/sam3x/source/templates/gcc/startup_sam3x.o
 .debug_ranges  0x00000d78       0x20 src/ASF/sam/utils/cmsis/sam3x/source/templates/system_sam3x.o
 .debug_ranges  0x00000d98       0x50 src/ASF/sam/utils/syscalls/gcc/syscalls.o
 .debug_ranges  0x00000de8       0x10 src/main.o

.debug_macro    0x00000000    0x1ad53
 .debug_macro   0x00000000      0x6f9 src/adc/adcFunctions.o
 .debug_macro   0x000006f9      0x874 src/adc/adcFunctions.o
 .debug_macro   0x00000f6d       0x16 src/adc/adcFunctions.o
 .debug_macro   0x00000f83       0x4a src/adc/adcFunctions.o
 .debug_macro   0x00000fcd      0x209 src/adc/adcFunctions.o
 .debug_macro   0x000011d6       0x82 src/adc/adcFunctions.o
 .debug_macro   0x00001258      0x452 src/adc/adcFunctions.o
 .debug_macro   0x000016aa       0xf6 src/adc/adcFunctions.o
 .debug_macro   0x000017a0      0x5db src/adc/adcFunctions.o
 .debug_macro   0x00001d7b       0x76 src/adc/adcFunctions.o
 .debug_macro   0x00001df1       0x16 src/adc/adcFunctions.o
 .debug_macro   0x00001e07      0x6e4 src/adc/adcFunctions.o
 .debug_macro   0x000024eb       0x26 src/adc/adcFunctions.o
 .debug_macro   0x00002511       0x3a src/adc/adcFunctions.o
 .debug_macro   0x0000254b       0x2d src/adc/adcFunctions.o
 .debug_macro   0x00002578      0xbb1 src/adc/adcFunctions.o
 .debug_macro   0x00003129      0xab6 src/adc/adcFunctions.o
 .debug_macro   0x00003bdf      0x569 src/adc/adcFunctions.o
 .debug_macro   0x00004148      0x2b5 src/adc/adcFunctions.o
 .debug_macro   0x000043fd      0x31a src/adc/adcFunctions.o
 .debug_macro   0x00004717      0x74f src/adc/adcFunctions.o
 .debug_macro   0x00004e66       0x82 src/adc/adcFunctions.o
 .debug_macro   0x00004ee8      0x57b src/adc/adcFunctions.o
 .debug_macro   0x00005463       0x1c src/adc/adcFunctions.o
 .debug_macro   0x0000547f      0x6b7 src/adc/adcFunctions.o
 .debug_macro   0x00005b36      0x52d src/adc/adcFunctions.o
 .debug_macro   0x00006063       0xbe src/adc/adcFunctions.o
 .debug_macro   0x00006121     0x2342 src/adc/adcFunctions.o
 .debug_macro   0x00008463      0x85d src/adc/adcFunctions.o
 .debug_macro   0x00008cc0      0xdc9 src/adc/adcFunctions.o
 .debug_macro   0x00009a89       0x7c src/adc/adcFunctions.o
 .debug_macro   0x00009b05      0x263 src/adc/adcFunctions.o
 .debug_macro   0x00009d68       0x58 src/adc/adcFunctions.o
 .debug_macro   0x00009dc0      0x9a7 src/adc/adcFunctions.o
 .debug_macro   0x0000a767      0x248 src/adc/adcFunctions.o
 .debug_macro   0x0000a9af      0x4df src/adc/adcFunctions.o
 .debug_macro   0x0000ae8e      0x6b3 src/adc/adcFunctions.o
 .debug_macro   0x0000b541      0x59f src/adc/adcFunctions.o
 .debug_macro   0x0000bae0       0x46 src/adc/adcFunctions.o
 .debug_macro   0x0000bb26      0x34d src/adc/adcFunctions.o
 .debug_macro   0x0000be73      0x28c src/adc/adcFunctions.o
 .debug_macro   0x0000c0ff     0x14d7 src/adc/adcFunctions.o
 .debug_macro   0x0000d5d6      0x7ba src/adc/adcFunctions.o
 .debug_macro   0x0000dd90       0x76 src/adc/adcFunctions.o
 .debug_macro   0x0000de06       0x82 src/adc/adcFunctions.o
 .debug_macro   0x0000de88       0x76 src/adc/adcFunctions.o
 .debug_macro   0x0000defe       0x4c src/adc/adcFunctions.o
 .debug_macro   0x0000df4a      0x105 src/adc/adcFunctions.o
 .debug_macro   0x0000e04f      0x105 src/adc/adcFunctions.o
 .debug_macro   0x0000e154      0x105 src/adc/adcFunctions.o
 .debug_macro   0x0000e259       0x88 src/adc/adcFunctions.o
 .debug_macro   0x0000e2e1       0x88 src/adc/adcFunctions.o
 .debug_macro   0x0000e369      0x3b4 src/adc/adcFunctions.o
 .debug_macro   0x0000e71d       0xb8 src/adc/adcFunctions.o
 .debug_macro   0x0000e7d5       0xb8 src/adc/adcFunctions.o
 .debug_macro   0x0000e88d       0xb8 src/adc/adcFunctions.o
 .debug_macro   0x0000e945       0xb8 src/adc/adcFunctions.o
 .debug_macro   0x0000e9fd      0x2b8 src/adc/adcFunctions.o
 .debug_macro   0x0000ecb5      0x125 src/adc/adcFunctions.o
 .debug_macro   0x0000edda      0x225 src/adc/adcFunctions.o
 .debug_macro   0x0000efff      0x225 src/adc/adcFunctions.o
 .debug_macro   0x0000f224       0x2e src/adc/adcFunctions.o
 .debug_macro   0x0000f252       0xac src/adc/adcFunctions.o
 .debug_macro   0x0000f2fe      0x14d src/adc/adcFunctions.o
 .debug_macro   0x0000f44b       0x7c src/adc/adcFunctions.o
 .debug_macro   0x0000f4c7      0x205 src/adc/adcFunctions.o
 .debug_macro   0x0000f6cc       0x64 src/adc/adcFunctions.o
 .debug_macro   0x0000f730       0xa6 src/adc/adcFunctions.o
 .debug_macro   0x0000f7d6       0x7c src/adc/adcFunctions.o
 .debug_macro   0x0000f852       0x16 src/adc/adcFunctions.o
 .debug_macro   0x0000f868       0x22 src/adc/adcFunctions.o
 .debug_macro   0x0000f88a       0x22 src/adc/adcFunctions.o
 .debug_macro   0x0000f8ac      0x115 src/adc/adcFunctions.o
 .debug_macro   0x0000f9c1      0x115 src/adc/adcFunctions.o
 .debug_macro   0x0000fad6      0x115 src/adc/adcFunctions.o
 .debug_macro   0x0000fbeb      0x115 src/adc/adcFunctions.o
 .debug_macro   0x0000fd00       0x1c src/adc/adcFunctions.o
 .debug_macro   0x0000fd1c       0x2e src/adc/adcFunctions.o
 .debug_macro   0x0000fd4a       0x22 src/adc/adcFunctions.o
 .debug_macro   0x0000fd6c       0x1c src/adc/adcFunctions.o
 .debug_macro   0x0000fd88       0x58 src/adc/adcFunctions.o
 .debug_macro   0x0000fde0       0x10 src/adc/adcFunctions.o
 .debug_macro   0x0000fdf0      0x273 src/adc/adcFunctions.o
 .debug_macro   0x00010063      0xd43 src/adc/adcFunctions.o
 .debug_macro   0x00010da6      0x131 src/adc/adcFunctions.o
 .debug_macro   0x00010ed7       0x58 src/adc/adcFunctions.o
 .debug_macro   0x00010f2f       0x35 src/adc/adcFunctions.o
 .debug_macro   0x00010f64       0xa3 src/adc/adcFunctions.o
 .debug_macro   0x00011007       0x16 src/adc/adcFunctions.o
 .debug_macro   0x0001101d       0x35 src/adc/adcFunctions.o
 .debug_macro   0x00011052       0x10 src/adc/adcFunctions.o
 .debug_macro   0x00011062       0x52 src/adc/adcFunctions.o
 .debug_macro   0x000110b4       0x16 src/adc/adcFunctions.o
 .debug_macro   0x000110ca       0x43 src/adc/adcFunctions.o
 .debug_macro   0x0001110d      0x180 src/adc/adcFunctions.o
 .debug_macro   0x0001128d       0x10 src/adc/adcFunctions.o
 .debug_macro   0x0001129d       0x22 src/adc/adcFunctions.o
 .debug_macro   0x000112bf       0xbd src/adc/adcFunctions.o
 .debug_macro   0x0001137c       0x16 src/adc/adcFunctions.o
 .debug_macro   0x00011392      0x16c src/adc/adcFunctions.o
 .debug_macro   0x000114fe       0x22 src/adc/adcFunctions.o
 .debug_macro   0x00011520       0x16 src/adc/adcFunctions.o
 .debug_macro   0x00011536       0x16 src/adc/adcFunctions.o
 .debug_macro   0x0001154c       0x29 src/adc/adcFunctions.o
 .debug_macro   0x00011575       0x6e src/adc/adcFunctions.o
 .debug_macro   0x000115e3       0x45 src/adc/adcFunctions.o
 .debug_macro   0x00011628      0x3ca src/adc/adcFunctions.o
 .debug_macro   0x000119f2       0x1c src/adc/adcFunctions.o
 .debug_macro   0x00011a0e       0x16 src/adc/adcFunctions.o
 .debug_macro   0x00011a24       0x34 src/adc/adcFunctions.o
 .debug_macro   0x00011a58      0x272 src/adc/adcFunctions.o
 .debug_macro   0x00011cca      0x790 src/adc/adcFunctions.o
 .debug_macro   0x0001245a       0x5e src/adc/adcFunctions.o
 .debug_macro   0x000124b8       0x64 src/adc/adcFunctions.o
 .debug_macro   0x0001251c       0x5f src/adc/adcFunctions.o
 .debug_macro   0x0001257b       0x90 src/adc/adcFunctions.o
 .debug_macro   0x0001260b       0x28 src/adc/adcFunctions.o
 .debug_macro   0x00012633       0x22 src/adc/adcFunctions.o
 .debug_macro   0x00012655       0x46 src/adc/adcFunctions.o
 .debug_macro   0x0001269b      0x100 src/adc/adcFunctions.o
 .debug_macro   0x0001279b       0x99 src/adc/adcFunctions.o
 .debug_macro   0x00012834       0x12 src/adc/adcFunctions.o
 .debug_macro   0x00012846       0x1f src/adc/adcFunctions.o
 .debug_macro   0x00012865      0x1e7 src/adc/adcFunctions.o
 .debug_macro   0x00012a4c       0x10 src/adc/adcFunctions.o
 .debug_macro   0x00012a5c       0x16 src/adc/adcFunctions.o
 .debug_macro   0x00012a72       0x5e src/adc/adcFunctions.o
 .debug_macro   0x00012ad0       0x43 src/adc/adcFunctions.o
 .debug_macro   0x00012b13       0x96 src/adc/adcFunctions.o
 .debug_macro   0x00012ba9       0x77 src/adc/adcFunctions.o
 .debug_macro   0x00012c20       0x5d src/adc/adcFunctions.o
 .debug_macro   0x00012c7d       0x5b src/adc/adcFunctions.o
 .debug_macro   0x00012cd8       0x94 src/adc/adcFunctions.o
 .debug_macro   0x00012d6c       0x40 src/adc/adcFunctions.o
 .debug_macro   0x00012dac       0x70 src/adc/adcFunctions.o
 .debug_macro   0x00012e1c       0x34 src/adc/adcFunctions.o
 .debug_macro   0x00012e50       0x10 src/adc/adcFunctions.o
 .debug_macro   0x00012e60       0x2e src/adc/adcFunctions.o
 .debug_macro   0x00012e8e       0x1c src/adc/adcFunctions.o
 .debug_macro   0x00012eaa      0x4b8 src/ASF/sam/drivers/adc/adc.o
 .debug_macro   0x00013362      0x71e src/TaskJoystick.o